Archive member included to satisfy reference by file (symbol)

c:/st/stm32cubeide_1.0.2/stm32cubeide/plugins/com.st.stm32cube.ide.mcu.externaltools.gnu-tools-for-stm32.7-2018-q2-update.win32_1.0.0.201904181610/tools/bin/../lib/gcc/arm-none-eabi/7.3.1/../../../../arm-none-eabi/lib/thumb/v7-m\libc_nano.a(lib_a-errno.o)
                              Core/Src/syscalls.o (__errno)
c:/st/stm32cubeide_1.0.2/stm32cubeide/plugins/com.st.stm32cube.ide.mcu.externaltools.gnu-tools-for-stm32.7-2018-q2-update.win32_1.0.0.201904181610/tools/bin/../lib/gcc/arm-none-eabi/7.3.1/../../../../arm-none-eabi/lib/thumb/v7-m\libc_nano.a(lib_a-exit.o)
                              c:/st/stm32cubeide_1.0.2/stm32cubeide/plugins/com.st.stm32cube.ide.mcu.externaltools.gnu-tools-for-stm32.7-2018-q2-update.win32_1.0.0.201904181610/tools/bin/../lib/gcc/arm-none-eabi/7.3.1/../../../../arm-none-eabi/lib/thumb/v7-m/crt0.o (exit)
c:/st/stm32cubeide_1.0.2/stm32cubeide/plugins/com.st.stm32cube.ide.mcu.externaltools.gnu-tools-for-stm32.7-2018-q2-update.win32_1.0.0.201904181610/tools/bin/../lib/gcc/arm-none-eabi/7.3.1/../../../../arm-none-eabi/lib/thumb/v7-m\libc_nano.a(lib_a-impure.o)
                              c:/st/stm32cubeide_1.0.2/stm32cubeide/plugins/com.st.stm32cube.ide.mcu.externaltools.gnu-tools-for-stm32.7-2018-q2-update.win32_1.0.0.201904181610/tools/bin/../lib/gcc/arm-none-eabi/7.3.1/../../../../arm-none-eabi/lib/thumb/v7-m\libc_nano.a(lib_a-exit.o) (_global_impure_ptr)
c:/st/stm32cubeide_1.0.2/stm32cubeide/plugins/com.st.stm32cube.ide.mcu.externaltools.gnu-tools-for-stm32.7-2018-q2-update.win32_1.0.0.201904181610/tools/bin/../lib/gcc/arm-none-eabi/7.3.1/../../../../arm-none-eabi/lib/thumb/v7-m\libc_nano.a(lib_a-init.o)
                              c:/st/stm32cubeide_1.0.2/stm32cubeide/plugins/com.st.stm32cube.ide.mcu.externaltools.gnu-tools-for-stm32.7-2018-q2-update.win32_1.0.0.201904181610/tools/bin/../lib/gcc/arm-none-eabi/7.3.1/../../../../arm-none-eabi/lib/thumb/v7-m/crt0.o (__libc_init_array)
c:/st/stm32cubeide_1.0.2/stm32cubeide/plugins/com.st.stm32cube.ide.mcu.externaltools.gnu-tools-for-stm32.7-2018-q2-update.win32_1.0.0.201904181610/tools/bin/../lib/gcc/arm-none-eabi/7.3.1/../../../../arm-none-eabi/lib/thumb/v7-m\libc_nano.a(lib_a-memset.o)
                              c:/st/stm32cubeide_1.0.2/stm32cubeide/plugins/com.st.stm32cube.ide.mcu.externaltools.gnu-tools-for-stm32.7-2018-q2-update.win32_1.0.0.201904181610/tools/bin/../lib/gcc/arm-none-eabi/7.3.1/../../../../arm-none-eabi/lib/thumb/v7-m/crt0.o (memset)
c:/st/stm32cubeide_1.0.2/stm32cubeide/plugins/com.st.stm32cube.ide.mcu.externaltools.gnu-tools-for-stm32.7-2018-q2-update.win32_1.0.0.201904181610/tools/bin/../lib/gcc/arm-none-eabi/7.3.1/../../../../arm-none-eabi/lib/thumb/v7-m\libc_nano.a(lib_a-sprintf.o)
                              Core/Src/myLCD.o (sprintf)
c:/st/stm32cubeide_1.0.2/stm32cubeide/plugins/com.st.stm32cube.ide.mcu.externaltools.gnu-tools-for-stm32.7-2018-q2-update.win32_1.0.0.201904181610/tools/bin/../lib/gcc/arm-none-eabi/7.3.1/../../../../arm-none-eabi/lib/thumb/v7-m\libc_nano.a(lib_a-nano-svfprintf.o)
                              c:/st/stm32cubeide_1.0.2/stm32cubeide/plugins/com.st.stm32cube.ide.mcu.externaltools.gnu-tools-for-stm32.7-2018-q2-update.win32_1.0.0.201904181610/tools/bin/../lib/gcc/arm-none-eabi/7.3.1/../../../../arm-none-eabi/lib/thumb/v7-m\libc_nano.a(lib_a-sprintf.o) (_svfprintf_r)
c:/st/stm32cubeide_1.0.2/stm32cubeide/plugins/com.st.stm32cube.ide.mcu.externaltools.gnu-tools-for-stm32.7-2018-q2-update.win32_1.0.0.201904181610/tools/bin/../lib/gcc/arm-none-eabi/7.3.1/../../../../arm-none-eabi/lib/thumb/v7-m\libc_nano.a(lib_a-nano-vfprintf_i.o)
                              c:/st/stm32cubeide_1.0.2/stm32cubeide/plugins/com.st.stm32cube.ide.mcu.externaltools.gnu-tools-for-stm32.7-2018-q2-update.win32_1.0.0.201904181610/tools/bin/../lib/gcc/arm-none-eabi/7.3.1/../../../../arm-none-eabi/lib/thumb/v7-m\libc_nano.a(lib_a-nano-svfprintf.o) (_printf_i)
c:/st/stm32cubeide_1.0.2/stm32cubeide/plugins/com.st.stm32cube.ide.mcu.externaltools.gnu-tools-for-stm32.7-2018-q2-update.win32_1.0.0.201904181610/tools/bin/../lib/gcc/arm-none-eabi/7.3.1/../../../../arm-none-eabi/lib/thumb/v7-m\libc_nano.a(lib_a-memchr-stub.o)
                              c:/st/stm32cubeide_1.0.2/stm32cubeide/plugins/com.st.stm32cube.ide.mcu.externaltools.gnu-tools-for-stm32.7-2018-q2-update.win32_1.0.0.201904181610/tools/bin/../lib/gcc/arm-none-eabi/7.3.1/../../../../arm-none-eabi/lib/thumb/v7-m\libc_nano.a(lib_a-nano-svfprintf.o) (memchr)
c:/st/stm32cubeide_1.0.2/stm32cubeide/plugins/com.st.stm32cube.ide.mcu.externaltools.gnu-tools-for-stm32.7-2018-q2-update.win32_1.0.0.201904181610/tools/bin/../lib/gcc/arm-none-eabi/7.3.1/../../../../arm-none-eabi/lib/thumb/v7-m\libc_nano.a(lib_a-memcpy-stub.o)
[...]
Memory Configuration

Name             Origin             Length             Attributes
RAM              0x0000000020000000 0x0000000000005000 xrw
FLASH            0x0000000008000000 0x0000000000010000 xr
*default*        0x0000000000000000 0xffffffffffffffff

Linker script and memory map

LOAD c:/st/stm32cubeide_1.0.2/stm32cubeide/plugins/com.st.stm32cube.ide.mcu.externaltools.gnu-tools-for-stm32.7-2018-q2-update.win32_1.0.0.201904181610/tools/bin/../lib/gcc/arm-none-eabi/7.3.1/thumb/v7-m/crti.o
LOAD c:/st/stm32cubeide_1.0.2/stm32cubeide/plugins/com.st.stm32cube.ide.mcu.externaltools.gnu-tools-for-stm32.7-2018-q2-update.win32_1.0.0.201904181610/tools/bin/../lib/gcc/arm-none-eabi/7.3.1/thumb/v7-m/crtbegin.o
LOAD c:/st/stm32cubeide_1.0.2/stm32cubeide/plugins/com.st.stm32cube.ide.mcu.externaltools.gnu-tools-for-stm32.7-2018-q2-update.win32_1.0.0.201904181610/tools/bin/../lib/gcc/arm-none-eabi/7.3.1/../../../../arm-none-eabi/lib/thumb/v7-m/crt0.o
LOAD Core/Src/main.o
LOAD Core/Src/myADC.o
LOAD Core/Src/myLCD.o
LOAD Core/Src/myTask.o
LOAD Core/Src/stm32f1xx_hal_msp.o
LOAD Core/Src/stm32f1xx_it.o
LOAD Core/Src/syscalls.o
LOAD Core/Src/sysmem.o
LOAD Core/Src/system_stm32f1xx.o
LOAD Core/Startup/startup_stm32f103c8tx.o
LOAD Drivers/STM32F1xx_HAL_Driver/Src/stm32f1xx_hal.o
LOAD Drivers/STM32F1xx_HAL_Driver/Src/stm32f1xx_hal_adc.o
LOAD Drivers/STM32F1xx_HAL_Driver/Src/stm32f1xx_hal_adc_ex.o
LOAD Drivers/STM32F1xx_HAL_Driver/Src/stm32f1xx_hal_cortex.o
LOAD Drivers/STM32F1xx_HAL_Driver/Src/stm32f1xx_hal_dma.o
LOAD Drivers/STM32F1xx_HAL_Driver/Src/stm32f1xx_hal_exti.o
LOAD Drivers/STM32F1xx_HAL_Driver/Src/stm32f1xx_hal_flash.o
LOAD Drivers/STM32F1xx_HAL_Driver/Src/stm32f1xx_hal_flash_ex.o
LOAD Drivers/STM32F1xx_HAL_Driver/Src/stm32f1xx_hal_gpio.o
LOAD Drivers/STM32F1xx_HAL_Driver/Src/stm32f1xx_hal_gpio_ex.o
LOAD Drivers/STM32F1xx_HAL_Driver/Src/stm32f1xx_hal_pwr.o
LOAD Drivers/STM32F1xx_HAL_Driver/Src/stm32f1xx_hal_rcc.o
LOAD Drivers/STM32F1xx_HAL_Driver/Src/stm32f1xx_hal_rcc_ex.o
LOAD Drivers/STM32F1xx_HAL_Driver/Src/stm32f1xx_hal_tim.o
LOAD Drivers/STM32F1xx_HAL_Driver/Src/stm32f1xx_hal_tim_ex.o
START GROUP
LOAD c:/st/stm32cubeide_1.0.2/stm32cubeide/plugins/com.st.stm32cube.ide.mcu.externaltools.gnu-tools-for-stm32.7-2018-q2-update.win32_1.0.0.201904181610/tools/bin/../lib/gcc/arm-none-eabi/7.3.1/../../../../arm-none-eabi/lib/thumb/v7-m\libc_nano.a
LOAD c:/st/stm32cubeide_1.0.2/stm32cubeide/plugins/com.st.stm32cube.ide.mcu.externaltools.gnu-tools-for-stm32.7-2018-q2-update.win32_1.0.0.201904181610/tools/bin/../lib/gcc/arm-none-eabi/7.3.1/../../../../arm-none-eabi/lib/thumb/v7-m\libm.a
END GROUP
START GROUP
LOAD c:/st/stm32cubeide_1.0.2/stm32cubeide/plugins/com.st.stm32cube.ide.mcu.externaltools.gnu-tools-for-stm32.7-2018-q2-update.win32_1.0.0.201904181610/tools/bin/../lib/gcc/arm-none-eabi/7.3.1/thumb/v7-m\libgcc.a
LOAD c:/st/stm32cubeide_1.0.2/stm32cubeide/plugins/com.st.stm32cube.ide.mcu.externaltools.gnu-tools-for-stm32.7-2018-q2-update.win32_1.0.0.201904181610/tools/bin/../lib/gcc/arm-none-eabi/7.3.1/../../../../arm-none-eabi/lib/thumb/v7-m\libc_nano.a
END GROUP
START GROUP
LOAD c:/st/stm32cubeide_1.0.2/stm32cubeide/plugins/com.st.stm32cube.ide.mcu.externaltools.gnu-tools-for-stm32.7-2018-q2-update.win32_1.0.0.201904181610/tools/bin/../lib/gcc/arm-none-eabi/7.3.1/thumb/v7-m\libgcc.a
LOAD c:/st/stm32cubeide_1.0.2/stm32cubeide/plugins/com.st.stm32cube.ide.mcu.externaltools.gnu-tools-for-stm32.7-2018-q2-update.win32_1.0.0.201904181610/tools/bin/../lib/gcc/arm-none-eabi/7.3.1/../../../../arm-none-eabi/lib/thumb/v7-m\libc_nano.a
LOAD c:/st/stm32cubeide_1.0.2/stm32cubeide/plugins/com.st.stm32cube.ide.mcu.externaltools.gnu-tools-for-stm32.7-2018-q2-update.win32_1.0.0.201904181610/tools/bin/../lib/gcc/arm-none-eabi/7.3.1/../../../../arm-none-eabi/lib/thumb/v7-m\libnosys.a
END GROUP
START GROUP
LOAD c:/st/stm32cubeide_1.0.2/stm32cubeide/plugins/com.st.stm32cube.ide.mcu.externaltools.gnu-tools-for-stm32.7-2018-q2-update.win32_1.0.0.201904181610/tools/bin/../lib/gcc/arm-none-eabi/7.3.1/thumb/v7-m\libgcc.a
LOAD c:/st/stm32cubeide_1.0.2/stm32cubeide/plugins/com.st.stm32cube.ide.mcu.externaltools.gnu-tools-for-stm32.7-2018-q2-update.win32_1.0.0.201904181610/tools/bin/../lib/gcc/arm-none-eabi/7.3.1/../../../../arm-none-eabi/lib/thumb/v7-m\libc_nano.a
LOAD c:/st/stm32cubeide_1.0.2/stm32cubeide/plugins/com.st.stm32cube.ide.mcu.externaltools.gnu-tools-for-stm32.7-2018-q2-update.win32_1.0.0.201904181610/tools/bin/../lib/gcc/arm-none-eabi/7.3.1/../../../../arm-none-eabi/lib/thumb/v7-m\libnosys.a
END GROUP
LOAD c:/st/stm32cubeide_1.0.2/stm32cubeide/plugins/com.st.stm32cube.ide.mcu.externaltools.gnu-tools-for-stm32.7-2018-q2-update.win32_1.0.0.201904181610/tools/bin/../lib/gcc/arm-none-eabi/7.3.1/thumb/v7-m/crtend.o
LOAD c:/st/stm32cubeide_1.0.2/stm32cubeide/plugins/com.st.stm32cube.ide.mcu.externaltools.gnu-tools-for-stm32.7-2018-q2-update.win32_1.0.0.201904181610/tools/bin/../lib/gcc/arm-none-eabi/7.3.1/thumb/v7-m/crtn.o
                0x0000000020005000                _estack = (ORIGIN (RAM) + LENGTH (RAM))
                0x0000000000000200                _Min_Heap_Size = 0x200
                0x0000000000000400                _Min_Stack_Size = 0x400

.isr_vector     0x0000000008000000      0x10c
                0x0000000008000000                . = ALIGN (0x4)
 *(.isr_vector)
 .isr_vector    0x0000000008000000      0x10c Core/Startup/startup_stm32f103c8tx.o
                0x0000000008000000                g_pfnVectors
                0x000000000800010c                . = ALIGN (0x4)

.text           0x000000000800010c     0x3f94
                0x000000000800010c                . = ALIGN (0x4)
 *(.text)
 .text          0x000000000800010c       0x40 c:/st/stm32cubeide_1.0.2/stm32cubeide/plugins/com.st.stm32cube.ide.mcu.externaltools.gnu-tools-for-stm32.7-2018-q2-update.win32_1.0.0.201904181610/tools/bin/../lib/gcc/arm-none-eabi/7.3.1/thumb/v7-m/crtbegin.o
 *(.text*)
 .text.main     0x000000000800014c       0x30 Core/Src/main.o
                0x000000000800014c                main
 .text.SystemClock_Config
                0x000000000800017c       0xb6 Core/Src/main.o
                0x000000000800017c                SystemClock_Config
 *fill*         0x0000000008000232        0x2 
 .text.MX_TIM2_Init
                0x0000000008000234       0x98 Core/Src/main.o
 .text.MX_DMA_Init
                0x00000000080002cc       0x3c Core/Src/main.o
 .text.MX_GPIO_Init
                0x0000000008000308       0xdc Core/Src/main.o
 .text.Error_Handler
                0x00000000080003e4        0xc Core/Src/main.o
                0x00000000080003e4                Error_Handler
 .text.myADC_init
                0x00000000080003f0       0x7c Core/Src/myADC.o
                0x00000000080003f0                myADC_init
 .text.myADC_Start
                0x000000000800046c       0x1c Core/Src/myADC.o
                0x000000000800046c                myADC_Start
 .text.myADC_read
                0x0000000008000488       0x14 Core/Src/myADC.o
                0x0000000008000488                myADC_read
 .text.myLCD_init
                0x000000000800049c       0x2c Core/Src/myLCD.o
                0x000000000800049c                myLCD_init
 .text.myLCD_write4bit
                0x00000000080004c8       0x6c Core/Src/myLCD.o
                0x00000000080004c8                myLCD_write4bit
 .text.myLCD_send
                0x0000000008000534       0xa0 Core/Src/myLCD.o
                0x0000000008000534                myLCD_send
 .text.myLCD_command
                0x00000000080005d4       0x1c Core/Src/myLCD.o
                0x00000000080005d4                myLCD_command
 .text.myLCD_data
                0x00000000080005f0       0x1c Core/Src/myLCD.o
                0x00000000080005f0                myLCD_data
 .text.myLCD_setCursor
                0x000000000800060c       0x3c Core/Src/myLCD.o
                0x000000000800060c                myLCD_setCursor
 .text.myLCD_print
                0x0000000008000648       0x2a Core/Src/myLCD.o
                0x0000000008000648                myLCD_print
 *fill*         0x0000000008000672        0x2 
 .text.myLCD_printNum
                0x0000000008000674       0x30 Core/Src/myLCD.o
                0x0000000008000674                myLCD_printNum
 .text.myLCD_clear
                0x00000000080006a4        0xe Core/Src/myLCD.o
                0x00000000080006a4                myLCD_clear
 *fill*         0x00000000080006b2        0x2 
 .text.myTask_init
                0x00000000080006b4       0x48 Core/Src/myTask.o
                0x00000000080006b4                myTask_init
 .text.myTask_Run
                0x00000000080006fc      0xa9c Core/Src/myTask.o
                0x00000000080006fc                myTask_Run
 .text.PB_Process
                0x0000000008001198       0x60 Core/Src/myTask.o
                0x0000000008001198                PB_Process
 .text.PB_Cancel
                0x00000000080011f8       0x60 Core/Src/myTask.o
                0x00000000080011f8                PB_Cancel
 .text.Detect_1000
                0x0000000008001258       0x68 Core/Src/myTask.o
                0x0000000008001258                Detect_1000
 .text.Detect_500
                0x00000000080012c0       0x5c Core/Src/myTask.o
                0x00000000080012c0                Detect_500
 .text.HAL_MspInit
                0x000000000800131c       0x64 Core/Src/stm32f1xx_hal_msp.o
                0x000000000800131c                HAL_MspInit
 .text.HAL_ADC_MspInit
                0x0000000008001380       0xd0 Core/Src/stm32f1xx_hal_msp.o
                0x0000000008001380                HAL_ADC_MspInit
 .text.HAL_TIM_Base_MspInit
                0x0000000008001450       0x48 Core/Src/stm32f1xx_hal_msp.o
                0x0000000008001450                HAL_TIM_Base_MspInit
 .text.NMI_Handler
                0x0000000008001498        0xc Core/Src/stm32f1xx_it.o
                0x0000000008001498                NMI_Handler
 .text.HardFault_Handler
                0x00000000080014a4        0x6 Core/Src/stm32f1xx_it.o
                0x00000000080014a4                HardFault_Handler
 .text.MemManage_Handler
                0x00000000080014aa        0x6 Core/Src/stm32f1xx_it.o
                0x00000000080014aa                MemManage_Handler
 .text.BusFault_Handler
                0x00000000080014b0        0x6 Core/Src/stm32f1xx_it.o
                0x00000000080014b0                BusFault_Handler
 .text.UsageFault_Handler
                0x00000000080014b6        0x6 Core/Src/stm32f1xx_it.o
                0x00000000080014b6                UsageFault_Handler
 .text.SVC_Handler
                0x00000000080014bc        0xc Core/Src/stm32f1xx_it.o
                0x00000000080014bc                SVC_Handler
 .text.DebugMon_Handler
                0x00000000080014c8        0xc Core/Src/stm32f1xx_it.o
                0x00000000080014c8                DebugMon_Handler
 .text.PendSV_Handler
                0x00000000080014d4        0xc Core/Src/stm32f1xx_it.o
                0x00000000080014d4                PendSV_Handler
 .text.SysTick_Handler
                0x00000000080014e0        0xc Core/Src/stm32f1xx_it.o
                0x00000000080014e0                SysTick_Handler
 .text.DMA1_Channel1_IRQHandler
                0x00000000080014ec       0x14 Core/Src/stm32f1xx_it.o
                0x00000000080014ec                DMA1_Channel1_IRQHandler
 .text.TIM2_IRQHandler
                0x0000000008001500       0x18 Core/Src/stm32f1xx_it.o
                0x0000000008001500                TIM2_IRQHandler
 .text._sbrk    0x0000000008001518       0x58 Core/Src/sysmem.o
                0x0000000008001518                _sbrk
 .text.SystemInit
                0x0000000008001570       0x68 Core/Src/system_stm32f1xx.o
                0x0000000008001570                SystemInit
 .text.Reset_Handler
                0x00000000080015d8       0x48 Core/Startup/startup_stm32f103c8tx.o
                0x00000000080015d8                Reset_Handler
 .text.Default_Handler
                0x0000000008001620        0x2 Core/Startup/startup_stm32f103c8tx.o
                0x0000000008001620                RTC_Alarm_IRQHandler
                0x0000000008001620                EXTI2_IRQHandler
                0x0000000008001620                TIM1_CC_IRQHandler
                0x0000000008001620                PVD_IRQHandler
                0x0000000008001620                EXTI3_IRQHandler
                0x0000000008001620                EXTI0_IRQHandler
                0x0000000008001620                I2C2_EV_IRQHandler
                0x0000000008001620                ADC1_2_IRQHandler
                0x0000000008001620                SPI1_IRQHandler
                0x0000000008001620                TAMPER_IRQHandler
                0x0000000008001620                DMA1_Channel4_IRQHandler
                0x0000000008001620                USART3_IRQHandler
                0x0000000008001620                RTC_IRQHandler
                0x0000000008001620                DMA1_Channel7_IRQHandler
                0x0000000008001620                CAN1_RX1_IRQHandler
                0x0000000008001620                TIM4_IRQHandler
                0x0000000008001620                I2C1_EV_IRQHandler
                0x0000000008001620                DMA1_Channel6_IRQHandler
                0x0000000008001620                TIM3_IRQHandler
                0x0000000008001620                RCC_IRQHandler
                0x0000000008001620                TIM1_TRG_COM_IRQHandler
                0x0000000008001620                Default_Handler
                0x0000000008001620                EXTI15_10_IRQHandler
                0x0000000008001620                EXTI9_5_IRQHandler
                0x0000000008001620                SPI2_IRQHandler
                0x0000000008001620                DMA1_Channel5_IRQHandler
                0x0000000008001620                EXTI4_IRQHandler
                0x0000000008001620                USB_LP_CAN1_RX0_IRQHandler
                0x0000000008001620                USB_HP_CAN1_TX_IRQHandler
                0x0000000008001620                DMA1_Channel3_IRQHandler
                0x0000000008001620                TIM1_UP_IRQHandler
                0x0000000008001620                WWDG_IRQHandler
                0x0000000008001620                TIM1_BRK_IRQHandler
                0x0000000008001620                EXTI1_IRQHandler
                0x0000000008001620                USART2_IRQHandler
                0x0000000008001620                I2C2_ER_IRQHandler
                0x0000000008001620                DMA1_Channel2_IRQHandler
                0x0000000008001620                CAN1_SCE_IRQHandler
                0x0000000008001620                FLASH_IRQHandler
                0x0000000008001620                USART1_IRQHandler
                0x0000000008001620                I2C1_ER_IRQHandler
                0x0000000008001620                USBWakeUp_IRQHandler
 *fill*         0x0000000008001622        0x2 
 .text.HAL_Init
                0x0000000008001624       0x2c Drivers/STM32F1xx_HAL_Driver/Src/stm32f1xx_hal.o
                0x0000000008001624                HAL_Init
 .text.HAL_InitTick
                0x0000000008001650       0x60 Drivers/STM32F1xx_HAL_Driver/Src/stm32f1xx_hal.o
                0x0000000008001650                HAL_InitTick
 .text.HAL_IncTick
                0x00000000080016b0       0x24 Drivers/STM32F1xx_HAL_Driver/Src/stm32f1xx_hal.o
                0x00000000080016b0                HAL_IncTick
 .text.HAL_GetTick
                0x00000000080016d4       0x14 Drivers/STM32F1xx_HAL_Driver/Src/stm32f1xx_hal.o
                0x00000000080016d4                HAL_GetTick
 .text.HAL_Delay
                0x00000000080016e8       0x44 Drivers/STM32F1xx_HAL_Driver/Src/stm32f1xx_hal.o
                0x00000000080016e8                HAL_Delay
 .text.HAL_ADC_Init
                0x000000000800172c      0x1b0 Drivers/STM32F1xx_HAL_Driver/Src/stm32f1xx_hal_adc.o
                0x000000000800172c                HAL_ADC_Init
 .text.HAL_ADC_Start_DMA
                0x00000000080018dc      0x1bc Drivers/STM32F1xx_HAL_Driver/Src/stm32f1xx_hal_adc.o
                0x00000000080018dc                HAL_ADC_Start_DMA
 .text.HAL_ADC_ConvCpltCallback
                0x0000000008001a98       0x12 Drivers/STM32F1xx_HAL_Driver/Src/stm32f1xx_hal_adc.o
                0x0000000008001a98                HAL_ADC_ConvCpltCallback
 .text.HAL_ADC_ConvHalfCpltCallback
                0x0000000008001aaa       0x12 Drivers/STM32F1xx_HAL_Driver/Src/stm32f1xx_hal_adc.o
                0x0000000008001aaa                HAL_ADC_ConvHalfCpltCallback
 .text.HAL_ADC_ErrorCallback
                0x0000000008001abc       0x12 Drivers/STM32F1xx_HAL_Driver/Src/stm32f1xx_hal_adc.o
                0x0000000008001abc                HAL_ADC_ErrorCallback
 *fill*         0x0000000008001ace        0x2 
 .text.HAL_ADC_ConfigChannel
                0x0000000008001ad0      0x1f0 Drivers/STM32F1xx_HAL_Driver/Src/stm32f1xx_hal_adc.o
                0x0000000008001ad0                HAL_ADC_ConfigChannel
 .text.ADC_Enable
                0x0000000008001cc0       0xa4 Drivers/STM32F1xx_HAL_Driver/Src/stm32f1xx_hal_adc.o
                0x0000000008001cc0                ADC_Enable
 .text.ADC_ConversionStop_Disable
                0x0000000008001d64       0x74 Drivers/STM32F1xx_HAL_Driver/Src/stm32f1xx_hal_adc.o
                0x0000000008001d64                ADC_ConversionStop_Disable
 .text.ADC_DMAConvCplt
                0x0000000008001dd8       0x7c Drivers/STM32F1xx_HAL_Driver/Src/stm32f1xx_hal_adc.o
                0x0000000008001dd8                ADC_DMAConvCplt
 .text.ADC_DMAHalfConvCplt
                0x0000000008001e54       0x1c Drivers/STM32F1xx_HAL_Driver/Src/stm32f1xx_hal_adc.o
                0x0000000008001e54                ADC_DMAHalfConvCplt
 .text.ADC_DMAError
                0x0000000008001e70       0x34 Drivers/STM32F1xx_HAL_Driver/Src/stm32f1xx_hal_adc.o
                0x0000000008001e70                ADC_DMAError
 .text.__NVIC_SetPriorityGrouping
                0x0000000008001ea4       0x48 Drivers/STM32F1xx_HAL_Driver/Src/stm32f1xx_hal_cortex.o
 .text.__NVIC_GetPriorityGrouping
                0x0000000008001eec       0x1c Drivers/STM32F1xx_HAL_Driver/Src/stm32f1xx_hal_cortex.o
 .text.__NVIC_EnableIRQ
                0x0000000008001f08       0x38 Drivers/STM32F1xx_HAL_Driver/Src/stm32f1xx_hal_cortex.o
 .text.__NVIC_SetPriority
                0x0000000008001f40       0x54 Drivers/STM32F1xx_HAL_Driver/Src/stm32f1xx_hal_cortex.o
 .text.NVIC_EncodePriority
                0x0000000008001f94       0x64 Drivers/STM32F1xx_HAL_Driver/Src/stm32f1xx_hal_cortex.o
 .text.SysTick_Config
                0x0000000008001ff8       0x44 Drivers/STM32F1xx_HAL_Driver/Src/stm32f1xx_hal_cortex.o
 .text.HAL_NVIC_SetPriorityGrouping
                0x000000000800203c       0x16 Drivers/STM32F1xx_HAL_Driver/Src/stm32f1xx_hal_cortex.o
                0x000000000800203c                HAL_NVIC_SetPriorityGrouping
 .text.HAL_NVIC_SetPriority
                0x0000000008002052       0x38 Drivers/STM32F1xx_HAL_Driver/Src/stm32f1xx_hal_cortex.o
                0x0000000008002052                HAL_NVIC_SetPriority
 .text.HAL_NVIC_EnableIRQ
                0x000000000800208a       0x1c Drivers/STM32F1xx_HAL_Driver/Src/stm32f1xx_hal_cortex.o
                0x000000000800208a                HAL_NVIC_EnableIRQ
 .text.HAL_SYSTICK_Config
                0x00000000080020a6       0x18 Drivers/STM32F1xx_HAL_Driver/Src/stm32f1xx_hal_cortex.o
                0x00000000080020a6                HAL_SYSTICK_Config
 *fill*         0x00000000080020be        0x2 
 .text.HAL_DMA_Init
                0x00000000080020c0       0xb4 Drivers/STM32F1xx_HAL_Driver/Src/stm32f1xx_hal_dma.o
                0x00000000080020c0                HAL_DMA_Init
 .text.HAL_DMA_Start_IT
                0x0000000008002174       0xbe Drivers/STM32F1xx_HAL_Driver/Src/stm32f1xx_hal_dma.o
                0x0000000008002174                HAL_DMA_Start_IT
 *fill*         0x0000000008002232        0x2 
 .text.HAL_DMA_IRQHandler
                0x0000000008002234      0x20c Drivers/STM32F1xx_HAL_Driver/Src/stm32f1xx_hal_dma.o
                0x0000000008002234                HAL_DMA_IRQHandler
 .text.DMA_SetConfig
                0x0000000008002440       0x5a Drivers/STM32F1xx_HAL_Driver/Src/stm32f1xx_hal_dma.o
 *fill*         0x000000000800249a        0x2 
 .text.HAL_GPIO_Init
                0x000000000800249c      0x2b4 Drivers/STM32F1xx_HAL_Driver/Src/stm32f1xx_hal_gpio.o
                0x000000000800249c                HAL_GPIO_Init
 .text.HAL_GPIO_ReadPin
                0x0000000008002750       0x2e Drivers/STM32F1xx_HAL_Driver/Src/stm32f1xx_hal_gpio.o
                0x0000000008002750                HAL_GPIO_ReadPin
 .text.HAL_GPIO_WritePin
                0x000000000800277e       0x30 Drivers/STM32F1xx_HAL_Driver/Src/stm32f1xx_hal_gpio.o
                0x000000000800277e                HAL_GPIO_WritePin
 *fill*         0x00000000080027ae        0x2 
 .text.HAL_RCC_OscConfig
                0x00000000080027b0      0x500 Drivers/STM32F1xx_HAL_Driver/Src/stm32f1xx_hal_rcc.o
                0x00000000080027b0                HAL_RCC_OscConfig
 .text.HAL_RCC_ClockConfig
                0x0000000008002cb0      0x1d4 Drivers/STM32F1xx_HAL_Driver/Src/stm32f1xx_hal_rcc.o
                0x0000000008002cb0                HAL_RCC_ClockConfig
 .text.HAL_RCC_GetSysClockFreq
                0x0000000008002e84       0xc4 Drivers/STM32F1xx_HAL_Driver/Src/stm32f1xx_hal_rcc.o
                0x0000000008002e84                HAL_RCC_GetSysClockFreq
 .text.RCC_Delay
                0x0000000008002f48       0x3c Drivers/STM32F1xx_HAL_Driver/Src/stm32f1xx_hal_rcc.o
 .text.HAL_RCCEx_PeriphCLKConfig
                0x0000000008002f84      0x16c Drivers/STM32F1xx_HAL_Driver/Src/stm32f1xx_hal_rcc_ex.o
                0x0000000008002f84                HAL_RCCEx_PeriphCLKConfig
 .text.HAL_TIM_Base_Init
                0x00000000080030f0       0x56 Drivers/STM32F1xx_HAL_Driver/Src/stm32f1xx_hal_tim.o
                0x00000000080030f0                HAL_TIM_Base_Init
 .text.HAL_TIM_Base_Start_IT
                0x0000000008003146       0x46 Drivers/STM32F1xx_HAL_Driver/Src/stm32f1xx_hal_tim.o
                0x0000000008003146                HAL_TIM_Base_Start_IT
 .text.HAL_TIM_IRQHandler
                0x000000000800318c      0x210 Drivers/STM32F1xx_HAL_Driver/Src/stm32f1xx_hal_tim.o
                0x000000000800318c                HAL_TIM_IRQHandler
 .text.HAL_TIM_ConfigClockSource
                0x000000000800339c      0x16e Drivers/STM32F1xx_HAL_Driver/Src/stm32f1xx_hal_tim.o
                0x000000000800339c                HAL_TIM_ConfigClockSource
 .text.HAL_TIM_PeriodElapsedCallback
                0x000000000800350a       0x12 Drivers/STM32F1xx_HAL_Driver/Src/stm32f1xx_hal_tim.o
                0x000000000800350a                HAL_TIM_PeriodElapsedCallback
 .text.HAL_TIM_OC_DelayElapsedCallback
                0x000000000800351c       0x12 Drivers/STM32F1xx_HAL_Driver/Src/stm32f1xx_hal_tim.o
                0x000000000800351c                HAL_TIM_OC_DelayElapsedCallback
 .text.HAL_TIM_IC_CaptureCallback
                0x000000000800352e       0x12 Drivers/STM32F1xx_HAL_Driver/Src/stm32f1xx_hal_tim.o
                0x000000000800352e                HAL_TIM_IC_CaptureCallback
 .text.HAL_TIM_PWM_PulseFinishedCallback
                0x0000000008003540       0x12 Drivers/STM32F1xx_HAL_Driver/Src/stm32f1xx_hal_tim.o
                0x0000000008003540                HAL_TIM_PWM_PulseFinishedCallback
 .text.HAL_TIM_TriggerCallback
                0x0000000008003552       0x12 Drivers/STM32F1xx_HAL_Driver/Src/stm32f1xx_hal_tim.o
                0x0000000008003552                HAL_TIM_TriggerCallback
 .text.TIM_Base_SetConfig
                0x0000000008003564       0xc4 Drivers/STM32F1xx_HAL_Driver/Src/stm32f1xx_hal_tim.o
                0x0000000008003564                TIM_Base_SetConfig
 .text.TIM_TI1_ConfigInputStage
                0x0000000008003628       0x5c Drivers/STM32F1xx_HAL_Driver/Src/stm32f1xx_hal_tim.o
 .text.TIM_TI2_ConfigInputStage
                0x0000000008003684       0x5e Drivers/STM32F1xx_HAL_Driver/Src/stm32f1xx_hal_tim.o
 .text.TIM_ITRx_SetConfig
                0x00000000080036e2       0x34 Drivers/STM32F1xx_HAL_Driver/Src/stm32f1xx_hal_tim.o
 .text.TIM_ETR_SetConfig
                0x0000000008003716       0x3e Drivers/STM32F1xx_HAL_Driver/Src/stm32f1xx_hal_tim.o
                0x0000000008003716                TIM_ETR_SetConfig
 .text.HAL_TIMEx_MasterConfigSynchronization
                0x0000000008003754       0x88 Drivers/STM32F1xx_HAL_Driver/Src/stm32f1xx_hal_tim_ex.o
                0x0000000008003754                HAL_TIMEx_MasterConfigSynchronization
 .text.HAL_TIMEx_CommutCallback
                0x00000000080037dc       0x12 Drivers/STM32F1xx_HAL_Driver/Src/stm32f1xx_hal_tim_ex.o
                0x00000000080037dc                HAL_TIMEx_CommutCallback
 .text.HAL_TIMEx_BreakCallback
                0x00000000080037ee       0x12 Drivers/STM32F1xx_HAL_Driver/Src/stm32f1xx_hal_tim_ex.o
                0x00000000080037ee                HAL_TIMEx_BreakCallback
 .text.__errno  0x0000000008003800        0xc c:/st/stm32cubeide_1.0.2/stm32cubeide/plugins/com.st.stm32cube.ide.mcu.externaltools.gnu-tools-for-stm32.7-2018-q2-update.win32_1.0.0.201904181610/tools/bin/../lib/gcc/arm-none-eabi/7.3.1/../../../../arm-none-eabi/lib/thumb/v7-m\libc_nano.a(lib_a-errno.o)
                0x0000000008003800                __errno
 .text.__libc_init_array
                0x000000000800380c       0x48 c:/st/stm32cubeide_1.0.2/stm32cubeide/plugins/com.st.stm32cube.ide.mcu.externaltools.gnu-tools-for-stm32.7-2018-q2-update.win32_1.0.0.201904181610/tools/bin/../lib/gcc/arm-none-eabi/7.3.1/../../../../arm-none-eabi/lib/thumb/v7-m\libc_nano.a(lib_a-init.o)
                0x000000000800380c                __libc_init_array
 .text.memset   0x0000000008003854       0x10 c:/st/stm32cubeide_1.0.2/stm32cubeide/plugins/com.st.stm32cube.ide.mcu.externaltools.gnu-tools-for-stm32.7-2018-q2-update.win32_1.0.0.201904181610/tools/bin/../lib/gcc/arm-none-eabi/7.3.1/../../../../arm-none-eabi/lib/thumb/v7-m\libc_nano.a(lib_a-memset.o)
                0x0000000008003854                memset
 .text.sprintf  0x0000000008003864       0x40 c:/st/stm32cubeide_1.0.2/stm32cubeide/plugins/com.st.stm32cube.ide.mcu.externaltools.gnu-tools-for-stm32.7-2018-q2-update.win32_1.0.0.201904181610/tools/bin/../lib/gcc/arm-none-eabi/7.3.1/../../../../arm-none-eabi/lib/thumb/v7-m\libc_nano.a(lib_a-sprintf.o)
                0x0000000008003864                siprintf
                0x0000000008003864                sprintf
 .text.__ssputs_r
                0x00000000080038a4       0xb4 c:/st/stm32cubeide_1.0.2/stm32cubeide/plugins/com.st.stm32cube.ide.mcu.externaltools.gnu-tools-for-stm32.7-2018-q2-update.win32_1.0.0.201904181610/tools/bin/../lib/gcc/arm-none-eabi/7.3.1/../../../../arm-none-eabi/lib/thumb/v7-m\libc_nano.a(lib_a-nano-svfprintf.o)
                0x00000000080038a4                __ssputs_r
 .text._svfprintf_r
                0x0000000008003958      0x1f0 c:/st/stm32cubeide_1.0.2/stm32cubeide/plugins/com.st.stm32cube.ide.mcu.externaltools.gnu-tools-for-stm32.7-2018-q2-update.win32_1.0.0.201904181610/tools/bin/../lib/gcc/arm-none-eabi/7.3.1/../../../../arm-none-eabi/lib/thumb/v7-m\libc_nano.a(lib_a-nano-svfprintf.o)
                0x0000000008003958                _svfiprintf_r
                0x0000000008003958                _svfprintf_r
 .text._printf_common
                0x0000000008003b48       0xec c:/st/stm32cubeide_1.0.2/stm32cubeide/plugins/com.st.stm32cube.ide.mcu.externaltools.gnu-tools-for-stm32.7-2018-q2-update.win32_1.0.0.201904181610/tools/bin/../lib/gcc/arm-none-eabi/7.3.1/../../../../arm-none-eabi/lib/thumb/v7-m\libc_nano.a(lib_a-nano-vfprintf_i.o)
                0x0000000008003b48                _printf_common
 .text._printf_i
                0x0000000008003c34      0x224 c:/st/stm32cubeide_1.0.2/stm32cubeide/plugins/com.st.stm32cube.ide.mcu.externaltools.gnu-tools-for-stm32.7-2018-q2-update.win32_1.0.0.201904181610/tools/bin/../lib/gcc/arm-none-eabi/7.3.1/../../../../arm-none-eabi/lib/thumb/v7-m\libc_nano.a(lib_a-nano-vfprintf_i.o)
                0x0000000008003c34                _printf_i
 .text.memchr   0x0000000008003e58       0x1c c:/st/stm32cubeide_1.0.2/stm32cubeide/plugins/com.st.stm32cube.ide.mcu.externaltools.gnu-tools-for-stm32.7-2018-q2-update.win32_1.0.0.201904181610/tools/bin/../lib/gcc/arm-none-eabi/7.3.1/../../../../arm-none-eabi/lib/thumb/v7-m\libc_nano.a(lib_a-memchr-stub.o)
                0x0000000008003e58                memchr
 .text.memcpy   0x0000000008003e74       0x16 c:/st/stm32cubeide_1.0.2/stm32cubeide/plugins/com.st.stm32cube.ide.mcu.externaltools.gnu-tools-for-stm32.7-2018-q2-update.win32_1.0.0.201904181610/tools/bin/../lib/gcc/arm-none-eabi/7.3.1/../../../../arm-none-eabi/lib/thumb/v7-m\libc_nano.a(lib_a-memcpy-stub.o)
                0x0000000008003e74                memcpy
 .text.memmove  0x0000000008003e8a       0x32 c:/st/stm32cubeide_1.0.2/stm32cubeide/plugins/com.st.stm32cube.ide.mcu.externaltools.gnu-tools-for-stm32.7-2018-q2-update.win32_1.0.0.201904181610/tools/bin/../lib/gcc/arm-none-eabi/7.3.1/../../../../arm-none-eabi/lib/thumb/v7-m\libc_nano.a(lib_a-memmove.o)
                0x0000000008003e8a                memmove
 .text._free_r  0x0000000008003ebc       0x98 c:/st/stm32cubeide_1.0.2/stm32cubeide/plugins/com.st.stm32cube.ide.mcu.externaltools.gnu-tools-for-stm32.7-2018-q2-update.win32_1.0.0.201904181610/tools/bin/../lib/gcc/arm-none-eabi/7.3.1/../../../../arm-none-eabi/lib/thumb/v7-m\libc_nano.a(lib_a-nano-freer.o)
                0x0000000008003ebc                _free_r
 .text._malloc_r
                0x0000000008003f54       0xb4 c:/st/stm32cubeide_1.0.2/stm32cubeide/plugins/com.st.stm32cube.ide.mcu.externaltools.gnu-tools-for-stm32.7-2018-q2-update.win32_1.0.0.201904181610/tools/bin/../lib/gcc/arm-none-eabi/7.3.1/../../../../arm-none-eabi/lib/thumb/v7-m\libc_nano.a(lib_a-nano-mallocr.o)
                0x0000000008003f54                _malloc_r
 .text._realloc_r
                0x0000000008004008       0x4c c:/st/stm32cubeide_1.0.2/stm32cubeide/plugins/com.st.stm32cube.ide.mcu.externaltools.gnu-tools-for-stm32.7-2018-q2-update.win32_1.0.0.201904181610/tools/bin/../lib/gcc/arm-none-eabi/7.3.1/../../../../arm-none-eabi/lib/thumb/v7-m\libc_nano.a(lib_a-nano-reallocr.o)
                0x0000000008004008                _realloc_r
 .text._sbrk_r  0x0000000008004054       0x20 c:/st/stm32cubeide_1.0.2/stm32cubeide/plugins/com.st.stm32cube.ide.mcu.externaltools.gnu-tools-for-stm32.7-2018-q2-update.win32_1.0.0.201904181610/tools/bin/../lib/gcc/arm-none-eabi/7.3.1/../../../../arm-none-eabi/lib/thumb/v7-m\libc_nano.a(lib_a-sbrkr.o)
                0x0000000008004054                _sbrk_r
 .text.__malloc_lock
                0x0000000008004074        0x2 c:/st/stm32cubeide_1.0.2/stm32cubeide/plugins/com.st.stm32cube.ide.mcu.externaltools.gnu-tools-for-stm32.7-2018-q2-update.win32_1.0.0.201904181610/tools/bin/../lib/gcc/arm-none-eabi/7.3.1/../../../../arm-none-eabi/lib/thumb/v7-m\libc_nano.a(lib_a-mlock.o)
                0x0000000008004074                __malloc_lock
 .text.__malloc_unlock
                0x0000000008004076        0x2 c:/st/stm32cubeide_1.0.2/stm32cubeide/plugins/com.st.stm32cube.ide.mcu.externaltools.gnu-tools-for-stm32.7-2018-q2-update.win32_1.0.0.201904181610/tools/bin/../lib/gcc/arm-none-eabi/7.3.1/../../../../arm-none-eabi/lib/thumb/v7-m\libc_nano.a(lib_a-mlock.o)
                0x0000000008004076                __malloc_unlock
 .text._malloc_usable_size_r
                0x0000000008004078       0x10 c:/st/stm32cubeide_1.0.2/stm32cubeide/plugins/com.st.stm32cube.ide.mcu.externaltools.gnu-tools-for-stm32.7-2018-q2-update.win32_1.0.0.201904181610/tools/bin/../lib/gcc/arm-none-eabi/7.3.1/../../../../arm-none-eabi/lib/thumb/v7-m\libc_nano.a(lib_a-nano-msizer.o)
                0x0000000008004078                _malloc_usable_size_r
 *(.glue_7)
 .glue_7        0x0000000008004088        0x0 linker stubs
 *(.glue_7t)
 .glue_7t       0x0000000008004088        0x0 linker stubs
 *(.eh_frame)
 .eh_frame      0x0000000008004088        0x0 c:/st/stm32cubeide_1.0.2/stm32cubeide/plugins/com.st.stm32cube.ide.mcu.externaltools.gnu-tools-for-stm32.7-2018-q2-update.win32_1.0.0.201904181610/tools/bin/../lib/gcc/arm-none-eabi/7.3.1/thumb/v7-m/crtbegin.o
 *(.init)
 .init          0x0000000008004088        0x4 c:/st/stm32cubeide_1.0.2/stm32cubeide/plugins/com.st.stm32cube.ide.mcu.externaltools.gnu-tools-for-stm32.7-2018-q2-update.win32_1.0.0.201904181610/tools/bin/../lib/gcc/arm-none-eabi/7.3.1/thumb/v7-m/crti.o
                0x0000000008004088                _init
 .init          0x000000000800408c        0x8 c:/st/stm32cubeide_1.0.2/stm32cubeide/plugins/com.st.stm32cube.ide.mcu.externaltools.gnu-tools-for-stm32.7-2018-q2-update.win32_1.0.0.201904181610/tools/bin/../lib/gcc/arm-none-eabi/7.3.1/thumb/v7-m/crtn.o
 *(.fini)
 .fini          0x0000000008004094        0x4 c:/st/stm32cubeide_1.0.2/stm32cubeide/plugins/com.st.stm32cube.ide.mcu.externaltools.gnu-tools-for-stm32.7-2018-q2-update.win32_1.0.0.201904181610/tools/bin/../lib/gcc/arm-none-eabi/7.3.1/thumb/v7-m/crti.o
                0x0000000008004094                _fini
 .fini          0x0000000008004098        0x8 c:/st/stm32cubeide_1.0.2/stm32cubeide/plugins/com.st.stm32cube.ide.mcu.externaltools.gnu-tools-for-stm32.7-2018-q2-update.win32_1.0.0.201904181610/tools/bin/../lib/gcc/arm-none-eabi/7.3.1/thumb/v7-m/crtn.o
                0x00000000080040a0                . = ALIGN (0x4)
                0x00000000080040a0                _etext = .

.vfp11_veneer   0x00000000080040a0        0x0
 .vfp11_veneer  0x00000000080040a0        0x0 linker stubs

.v4_bx          0x00000000080040a0        0x0
 .v4_bx         0x00000000080040a0        0x0 linker stubs

.iplt           0x00000000080040a0        0x0
 .iplt          0x00000000080040a0        0x0 c:/st/stm32cubeide_1.0.2/stm32cubeide/plugins/com.st.stm32cube.ide.mcu.externaltools.gnu-tools-for-stm32.7-2018-q2-update.win32_1.0.0.201904181610/tools/bin/../lib/gcc/arm-none-eabi/7.3.1/thumb/v7-m/crtbegin.o

.rodata         0x00000000080040a0      0x118
                0x00000000080040a0                . = ALIGN (0x4)
 *(.rodata)
 .rodata        0x00000000080040a0        0x3 Core/Src/myLCD.o
 *fill*         0x00000000080040a3        0x1 
 .rodata        0x00000000080040a4       0xba Core/Src/myTask.o
 *fill*         0x000000000800415e        0x2 
 .rodata        0x0000000008004160       0x12 Drivers/STM32F1xx_HAL_Driver/Src/stm32f1xx_hal_rcc.o
 *(.rodata*)
 *fill*         0x0000000008004172        0x2 
 .rodata.AHBPrescTable
                0x0000000008004174       0x10 Core/Src/system_stm32f1xx.o
                0x0000000008004174                AHBPrescTable
 .rodata._svfprintf_r.str1.1
                0x0000000008004184       0x11 c:/st/stm32cubeide_1.0.2/stm32cubeide/plugins/com.st.stm32cube.ide.mcu.externaltools.gnu-tools-for-stm32.7-2018-q2-update.win32_1.0.0.201904181610/tools/bin/../lib/gcc/arm-none-eabi/7.3.1/../../../../arm-none-eabi/lib/thumb/v7-m\libc_nano.a(lib_a-nano-svfprintf.o)
 .rodata._printf_i.str1.1
                0x0000000008004195       0x22 c:/st/stm32cubeide_1.0.2/stm32cubeide/plugins/com.st.stm32cube.ide.mcu.externaltools.gnu-tools-for-stm32.7-2018-q2-update.win32_1.0.0.201904181610/tools/bin/../lib/gcc/arm-none-eabi/7.3.1/../../../../arm-none-eabi/lib/thumb/v7-m\libc_nano.a(lib_a-nano-vfprintf_i.o)
                0x00000000080041b8                . = ALIGN (0x4)
 *fill*         0x00000000080041b7        0x1 

.rel.dyn        0x00000000080041b8        0x0
 .rel.iplt      0x00000000080041b8        0x0 c:/st/stm32cubeide_1.0.2/stm32cubeide/plugins/com.st.stm32cube.ide.mcu.externaltools.gnu-tools-for-stm32.7-2018-q2-update.win32_1.0.0.201904181610/tools/bin/../lib/gcc/arm-none-eabi/7.3.1/thumb/v7-m/crtbegin.o

.ARM.extab      0x00000000080041b8        0x0
                0x00000000080041b8                . = ALIGN (0x4)
 *(.ARM.extab* .gnu.linkonce.armextab.*)
                0x00000000080041b8                . = ALIGN (0x4)

.ARM            0x00000000080041b8        0x0
                0x00000000080041b8                . = ALIGN (0x4)
                0x00000000080041b8                __exidx_start = .
 *(.ARM.exidx*)
                0x00000000080041b8                __exidx_end = .
                0x00000000080041b8                . = ALIGN (0x4)

.preinit_array  0x00000000080041b8        0x0
                0x00000000080041b8                . = ALIGN (0x4)
                0x00000000080041b8                PROVIDE (__preinit_array_start = .)
 *(.preinit_array*)
                0x00000000080041b8                PROVIDE (__preinit_array_end = .)
                0x00000000080041b8                . = ALIGN (0x4)

.init_array     0x00000000080041b8        0x4
                0x00000000080041b8                . = ALIGN (0x4)
                0x00000000080041b8                PROVIDE (__init_array_start = .)
 *(SORT_BY_NAME(.init_array.*))
 *(.init_array*)
 .init_array    0x00000000080041b8        0x4 c:/st/stm32cubeide_1.0.2/stm32cubeide/plugins/com.st.stm32cube.ide.mcu.externaltools.gnu-tools-for-stm32.7-2018-q2-update.win32_1.0.0.201904181610/tools/bin/../lib/gcc/arm-none-eabi/7.3.1/thumb/v7-m/crtbegin.o
                0x00000000080041bc                PROVIDE (__init_array_end = .)
                0x00000000080041bc                . = ALIGN (0x4)

.fini_array     0x00000000080041bc        0x4
                0x00000000080041bc                . = ALIGN (0x4)
                [!provide]                        PROVIDE (__fini_array_start = .)
 *(SORT_BY_NAME(.fini_array.*))
 *(.fini_array*)
 .fini_array    0x00000000080041bc        0x4 c:/st/stm32cubeide_1.0.2/stm32cubeide/plugins/com.st.stm32cube.ide.mcu.externaltools.gnu-tools-for-stm32.7-2018-q2-update.win32_1.0.0.201904181610/tools/bin/../lib/gcc/arm-none-eabi/7.3.1/thumb/v7-m/crtbegin.o
                [!provide]                        PROVIDE (__fini_array_end = .)
                0x00000000080041c0                . = ALIGN (0x4)
                0x00000000080041c0                _sidata = LOADADDR (.data)

.data           0x0000000020000000       0x78 load address 0x00000000080041c0
                0x0000000020000000                . = ALIGN (0x4)
                0x0000000020000000                _sdata = .
 *(.data)
 *(.data*)
 .data.debounce1
                0x0000000020000000        0x2 Core/Src/myTask.o
                0x0000000020000000                debounce1
 .data.debounce2
                0x0000000020000002        0x2 Core/Src/myTask.o
                0x0000000020000002                debounce2
 .data.debounce3
                0x0000000020000004        0x2 Core/Src/myTask.o
                0x0000000020000004                debounce3
 .data.debounce4
                0x0000000020000006        0x2 Core/Src/myTask.o
                0x0000000020000006                debounce4
 .data.SystemCoreClock
                0x0000000020000008        0x4 Core/Src/system_stm32f1xx.o
                0x0000000020000008                SystemCoreClock
 .data.uwTickPrio
                0x000000002000000c        0x4 Drivers/STM32F1xx_HAL_Driver/Src/stm32f1xx_hal.o
                0x000000002000000c                uwTickPrio
 .data.uwTickFreq
                0x0000000020000010        0x1 Drivers/STM32F1xx_HAL_Driver/Src/stm32f1xx_hal.o
                0x0000000020000010                uwTickFreq
 *fill*         0x0000000020000011        0x3 
 .data._impure_ptr
                0x0000000020000014        0x4 c:/st/stm32cubeide_1.0.2/stm32cubeide/plugins/com.st.stm32cube.ide.mcu.externaltools.gnu-tools-for-stm32.7-2018-q2-update.win32_1.0.0.201904181610/tools/bin/../lib/gcc/arm-none-eabi/7.3.1/../../../../arm-none-eabi/lib/thumb/v7-m\libc_nano.a(lib_a-impure.o)
                0x0000000020000014                _impure_ptr
 .data.impure_data
                0x0000000020000018       0x60 c:/st/stm32cubeide_1.0.2/stm32cubeide/plugins/com.st.stm32cube.ide.mcu.externaltools.gnu-tools-for-stm32.7-2018-q2-update.win32_1.0.0.201904181610/tools/bin/../lib/gcc/arm-none-eabi/7.3.1/../../../../arm-none-eabi/lib/thumb/v7-m\libc_nano.a(lib_a-impure.o)
                0x0000000020000078                . = ALIGN (0x4)
                0x0000000020000078                _edata = .

.igot.plt       0x0000000020000078        0x0 load address 0x0000000008004238
 .igot.plt      0x0000000020000078        0x0 c:/st/stm32cubeide_1.0.2/stm32cubeide/plugins/com.st.stm32cube.ide.mcu.externaltools.gnu-tools-for-stm32.7-2018-q2-update.win32_1.0.0.201904181610/tools/bin/../lib/gcc/arm-none-eabi/7.3.1/thumb/v7-m/crtbegin.o
                0x0000000020000078                . = ALIGN (0x4)

.bss            0x0000000020000078      0x104 load address 0x0000000008004238
                0x0000000020000078                _sbss = .
                0x0000000020000078                __bss_start__ = _sbss
 *(.bss)
 .bss           0x0000000020000078       0x1c c:/st/stm32cubeide_1.0.2/stm32cubeide/plugins/com.st.stm32cube.ide.mcu.externaltools.gnu-tools-for-stm32.7-2018-q2-update.win32_1.0.0.201904181610/tools/bin/../lib/gcc/arm-none-eabi/7.3.1/thumb/v7-m/crtbegin.o
 *(.bss*)
 .bss.delay     0x0000000020000094        0x2 Core/Src/myTask.o
                0x0000000020000094                delay
 .bss.money     0x0000000020000096        0x2 Core/Src/myTask.o
                0x0000000020000096                money
 .bss.i         0x0000000020000098        0x1 Core/Src/myTask.o
                0x0000000020000098                i
 .bss.toggle    0x0000000020000099        0x1 Core/Src/myTask.o
                0x0000000020000099                toggle
 .bss.printEn   0x000000002000009a        0x1 Core/Src/myTask.o
                0x000000002000009a                printEn
 *fill*         0x000000002000009b        0x1 
 .bss.heap_end.5149
                0x000000002000009c        0x4 Core/Src/sysmem.o
 .bss.__malloc_free_list
                0x00000000200000a0        0x4 c:/st/stm32cubeide_1.0.2/stm32cubeide/plugins/com.st.stm32cube.ide.mcu.externaltools.gnu-tools-for-stm32.7-2018-q2-update.win32_1.0.0.201904181610/tools/bin/../lib/gcc/arm-none-eabi/7.3.1/../../../../arm-none-eabi/lib/thumb/v7-m\libc_nano.a(lib_a-nano-mallocr.o)
                0x00000000200000a0                __malloc_free_list
 .bss.__malloc_sbrk_start
                0x00000000200000a4        0x4 c:/st/stm32cubeide_1.0.2/stm32cubeide/plugins/com.st.stm32cube.ide.mcu.externaltools.gnu-tools-for-stm32.7-2018-q2-update.win32_1.0.0.201904181610/tools/bin/../lib/gcc/arm-none-eabi/7.3.1/../../../../arm-none-eabi/lib/thumb/v7-m\libc_nano.a(lib_a-nano-mallocr.o)
                0x00000000200000a4                __malloc_sbrk_start
 *(COMMON)
 COMMON         0x00000000200000a8       0xc4 Core/Src/main.o
                0x00000000200000a8                buffAdc
                0x00000000200000ac                buff
                0x00000000200000b0                hadc1
                0x00000000200000e0                max
                0x00000000200000e4                hdma_adc1
                0x0000000020000128                htim2
                0x0000000020000168                adcval
 COMMON         0x000000002000016c        0x8 Core/Src/myTask.o
                0x000000002000016c                myState
                0x000000002000016d                myFlag
                0x0000000020000170                adcku
 COMMON         0x0000000020000174        0x4 Drivers/STM32F1xx_HAL_Driver/Src/stm32f1xx_hal.o
                0x0000000020000174                uwTick
 COMMON         0x0000000020000178        0x4 c:/st/stm32cubeide_1.0.2/stm32cubeide/plugins/com.st.stm32cube.ide.mcu.externaltools.gnu-tools-for-stm32.7-2018-q2-update.win32_1.0.0.201904181610/tools/bin/../lib/gcc/arm-none-eabi/7.3.1/../../../../arm-none-eabi/lib/thumb/v7-m\libc_nano.a(lib_a-reent.o)
                0x0000000020000178                errno
                0x000000002000017c                . = ALIGN (0x4)
                0x000000002000017c                _ebss = .
                0x000000002000017c                __bss_end__ = _ebss

._user_heap_stack
                0x000000002000017c      0x604 load address 0x0000000008004238
                0x0000000020000180                . = ALIGN (0x8)
 *fill*         0x000000002000017c        0x4 
                0x0000000020000180                PROVIDE (end = .)
                [!provide]                        PROVIDE (_end = .)
                0x0000000020000380                . = (. + _Min_Heap_Size)
 *fill*         0x0000000020000180      0x200 
                0x0000000020000780                . = (. + _Min_Stack_Size)
 *fill*         0x0000000020000380      0x400 
                0x0000000020000780                . = ALIGN (0x8)

/DISCARD/
 libc.a(*)
 libm.a(*)
 libgcc.a(*)

.ARM.attributes
                0x0000000000000000       0x29
 *(.ARM.attributes)
 .ARM.attributes
                0x0000000000000000       0x1d c:/st/stm32cubeide_1.0.2/stm32cubeide/plugins/com.st.stm32cube.ide.mcu.externaltools.gnu-tools-for-stm32.7-2018-q2-update.win32_1.0.0.201904181610/tools/bin/../lib/gcc/arm-none-eabi/7.3.1/thumb/v7-m/crti.o
 .ARM.attributes
                0x000000000000001d       0x2d c:/st/stm32cubeide_1.0.2/stm32cubeide/plugins/com.st.stm32cube.ide.mcu.externaltools.gnu-tools-for-stm32.7-2018-q2-update.win32_1.0.0.201904181610/tools/bin/../lib/gcc/arm-none-eabi/7.3.1/thumb/v7-m/crtbegin.o
 .ARM.attributes
                0x000000000000004a       0x33 Core/Src/main.o
 .ARM.attributes
                0x000000000000007d       0x33 Core/Src/myADC.o
 .ARM.attributes
                0x00000000000000b0       0x33 Core/Src/myLCD.o
 .ARM.attributes
                0x00000000000000e3       0x33 Core/Src/myTask.o
 .ARM.attributes
                0x0000000000000116       0x33 Core/Src/stm32f1xx_hal_msp.o
 .ARM.attributes
                0x0000000000000149       0x33 Core/Src/stm32f1xx_it.o
 .ARM.attributes
                0x000000000000017c       0x33 Core/Src/sysmem.o
 .ARM.attributes
                0x00000000000001af       0x33 Core/Src/system_stm32f1xx.o
 .ARM.attributes
                0x00000000000001e2       0x21 Core/Startup/startup_stm32f103c8tx.o
 .ARM.attributes
                0x0000000000000203       0x33 Drivers/STM32F1xx_HAL_Driver/Src/stm32f1xx_hal.o
 .ARM.attributes
                0x0000000000000236       0x33 Drivers/STM32F1xx_HAL_Driver/Src/stm32f1xx_hal_adc.o
 .ARM.attributes
                0x0000000000000269       0x33 Drivers/STM32F1xx_HAL_Driver/Src/stm32f1xx_hal_cortex.o
 .ARM.attributes
                0x000000000000029c       0x33 Drivers/STM32F1xx_HAL_Driver/Src/stm32f1xx_hal_dma.o
 .ARM.attributes
                0x00000000000002cf       0x33 Drivers/STM32F1xx_HAL_Driver/Src/stm32f1xx_hal_gpio.o
 .ARM.attributes
                0x0000000000000302       0x33 Drivers/STM32F1xx_HAL_Driver/Src/stm32f1xx_hal_rcc.o
 .ARM.attributes
                0x0000000000000335       0x33 Drivers/STM32F1xx_HAL_Driver/Src/stm32f1xx_hal_rcc_ex.o
 .ARM.attributes
                0x0000000000000368       0x33 Drivers/STM32F1xx_HAL_Driver/Src/stm32f1xx_hal_tim.o
 .ARM.attributes
                0x000000000000039b       0x33 Drivers/STM32F1xx_HAL_Driver/Src/stm32f1xx_hal_tim_ex.o
 .ARM.attributes
                0x00000000000003ce       0x2d c:/st/stm32cubeide_1.0.2/stm32cubeide/plugins/com.st.stm32cube.ide.mcu.externaltools.gnu-tools-for-stm32.7-2018-q2-update.win32_1.0.0.201904181610/tools/bin/../lib/gcc/arm-none-eabi/7.3.1/../../../../arm-none-eabi/lib/thumb/v7-m\libc_nano.a(lib_a-errno.o)
 .ARM.attributes
                0x00000000000003fb       0x2d c:/st/stm32cubeide_1.0.2/stm32cubeide/plugins/com.st.stm32cube.ide.mcu.externaltools.gnu-tools-for-stm32.7-2018-q2-update.win32_1.0.0.201904181610/tools/bin/../lib/gcc/arm-none-eabi/7.3.1/../../../../arm-none-eabi/lib/thumb/v7-m\libc_nano.a(lib_a-impure.o)
 .ARM.attributes
                0x0000000000000428       0x2d c:/st/stm32cubeide_1.0.2/stm32cubeide/plugins/com.st.stm32cube.ide.mcu.externaltools.gnu-tools-for-stm32.7-2018-q2-update.win32_1.0.0.201904181610/tools/bin/../lib/gcc/arm-none-eabi/7.3.1/../../../../arm-none-eabi/lib/thumb/v7-m\libc_nano.a(lib_a-init.o)
 .ARM.attributes
                0x0000000000000455       0x2d c:/st/stm32cubeide_1.0.2/stm32cubeide/plugins/com.st.stm32cube.ide.mcu.externaltools.gnu-tools-for-stm32.7-2018-q2-update.win32_1.0.0.201904181610/tools/bin/../lib/gcc/arm-none-eabi/7.3.1/../../../../arm-none-eabi/lib/thumb/v7-m\libc_nano.a(lib_a-memset.o)
 .ARM.attributes
                0x0000000000000482       0x2d c:/st/stm32cubeide_1.0.2/stm32cubeide/plugins/com.st.stm32cube.ide.mcu.externaltools.gnu-tools-for-stm32.7-2018-q2-update.win32_1.0.0.201904181610/tools/bin/../lib/gcc/arm-none-eabi/7.3.1/../../../../arm-none-eabi/lib/thumb/v7-m\libc_nano.a(lib_a-sprintf.o)
 .ARM.attributes
                0x00000000000004af       0x2d c:/st/stm32cubeide_1.0.2/stm32cubeide/plugins/com.st.stm32cube.ide.mcu.externaltools.gnu-tools-for-stm32.7-2018-q2-update.win32_1.0.0.201904181610/tools/bin/../lib/gcc/arm-none-eabi/7.3.1/../../../../arm-none-eabi/lib/thumb/v7-m\libc_nano.a(lib_a-nano-svfprintf.o)
 .ARM.attributes
                0x00000000000004dc       0x2d c:/st/stm32cubeide_1.0.2/stm32cubeide/plugins/com.st.stm32cube.ide.mcu.externaltools.gnu-tools-for-stm32.7-2018-q2-update.win32_1.0.0.201904181610/tools/bin/../lib/gcc/arm-none-eabi/7.3.1/../../../../arm-none-eabi/lib/thumb/v7-m\libc_nano.a(lib_a-nano-vfprintf_i.o)
 .ARM.attributes
                0x0000000000000509       0x2d c:/st/stm32cubeide_1.0.2/stm32cubeide/plugins/com.st.stm32cube.ide.mcu.externaltools.gnu-tools-for-stm32.7-2018-q2-update.win32_1.0.0.201904181610/tools/bin/../lib/gcc/arm-none-eabi/7.3.1/../../../../arm-none-eabi/lib/thumb/v7-m\libc_nano.a(lib_a-memchr-stub.o)
 .ARM.attributes
                0x0000000000000536       0x2d c:/st/stm32cubeide_1.0.2/stm32cubeide/plugins/com.st.stm32cube.ide.mcu.externaltools.gnu-tools-for-stm32.7-2018-q2-update.win32_1.0.0.201904181610/tools/bin/../lib/gcc/arm-none-eabi/7.3.1/../../../../arm-none-eabi/lib/thumb/v7-m\libc_nano.a(lib_a-memcpy-stub.o)
 .ARM.attributes
                0x0000000000000563       0x2d c:/st/stm32cubeide_1.0.2/stm32cubeide/plugins/com.st.stm32cube.ide.mcu.externaltools.gnu-tools-for-stm32.7-2018-q2-update.win32_1.0.0.201904181610/tools/bin/../lib/gcc/arm-none-eabi/7.3.1/../../../../arm-none-eabi/lib/thumb/v7-m\libc_nano.a(lib_a-memmove.o)
 .ARM.attributes
                0x0000000000000590       0x2d c:/st/stm32cubeide_1.0.2/stm32cubeide/plugins/com.st.stm32cube.ide.mcu.externaltools.gnu-tools-for-stm32.7-2018-q2-update.win32_1.0.0.201904181610/tools/bin/../lib/gcc/arm-none-eabi/7.3.1/../../../../arm-none-eabi/lib/thumb/v7-m\libc_nano.a(lib_a-nano-freer.o)
 .ARM.attributes
                0x00000000000005bd       0x2d c:/st/stm32cubeide_1.0.2/stm32cubeide/plugins/com.st.stm32cube.ide.mcu.externaltools.gnu-tools-for-stm32.7-2018-q2-update.win32_1.0.0.201904181610/tools/bin/../lib/gcc/arm-none-eabi/7.3.1/../../../../arm-none-eabi/lib/thumb/v7-m\libc_nano.a(lib_a-nano-mallocr.o)
 .ARM.attributes
                0x00000000000005ea       0x2d c:/st/stm32cubeide_1.0.2/stm32cubeide/plugins/com.st.stm32cube.ide.mcu.externaltools.gnu-tools-for-stm32.7-2018-q2-update.win32_1.0.0.201904181610/tools/bin/../lib/gcc/arm-none-eabi/7.3.1/../../../../arm-none-eabi/lib/thumb/v7-m\libc_nano.a(lib_a-nano-reallocr.o)
 .ARM.attributes
                0x0000000000000617       0x2d c:/st/stm32cubeide_1.0.2/stm32cubeide/plugins/com.st.stm32cube.ide.mcu.externaltools.gnu-tools-for-stm32.7-2018-q2-update.win32_1.0.0.201904181610/tools/bin/../lib/gcc/arm-none-eabi/7.3.1/../../../../arm-none-eabi/lib/thumb/v7-m\libc_nano.a(lib_a-sbrkr.o)
 .ARM.attributes
                0x0000000000000644       0x2d c:/st/stm32cubeide_1.0.2/stm32cubeide/plugins/com.st.stm32cube.ide.mcu.externaltools.gnu-tools-for-stm32.7-2018-q2-update.win32_1.0.0.201904181610/tools/bin/../lib/gcc/arm-none-eabi/7.3.1/../../../../arm-none-eabi/lib/thumb/v7-m\libc_nano.a(lib_a-mlock.o)
 .ARM.attributes
                0x0000000000000671       0x2d c:/st/stm32cubeide_1.0.2/stm32cubeide/plugins/com.st.stm32cube.ide.mcu.externaltools.gnu-tools-for-stm32.7-2018-q2-update.win32_1.0.0.201904181610/tools/bin/../lib/gcc/arm-none-eabi/7.3.1/../../../../arm-none-eabi/lib/thumb/v7-m\libc_nano.a(lib_a-nano-msizer.o)
 .ARM.attributes
                0x000000000000069e       0x2d c:/st/stm32cubeide_1.0.2/stm32cubeide/plugins/com.st.stm32cube.ide.mcu.externaltools.gnu-tools-for-stm32.7-2018-q2-update.win32_1.0.0.201904181610/tools/bin/../lib/gcc/arm-none-eabi/7.3.1/../../../../arm-none-eabi/lib/thumb/v7-m\libc_nano.a(lib_a-reent.o)
 .ARM.attributes
                0x00000000000006cb       0x1d c:/st/stm32cubeide_1.0.2/stm32cubeide/plugins/com.st.stm32cube.ide.mcu.externaltools.gnu-tools-for-stm32.7-2018-q2-update.win32_1.0.0.201904181610/tools/bin/../lib/gcc/arm-none-eabi/7.3.1/thumb/v7-m/crtn.o
OUTPUT(Vending_Machine_Andi.elf elf32-littlearm)

.debug_info     0x0000000000000000     0xb792
 .debug_info    0x0000000000000000      0xe33 Core/Src/main.o
 .debug_info    0x0000000000000e33      0x62c Core/Src/myADC.o
 .debug_info    0x000000000000145f      0xbba Core/Src/myLCD.o
 .debug_info    0x0000000000002019      0x87c Core/Src/myTask.o
 .debug_info    0x0000000000002895      0xc75 Core/Src/stm32f1xx_hal_msp.o
 .debug_info    0x000000000000350a      0x6b4 Core/Src/stm32f1xx_it.o
 .debug_info    0x0000000000003bbe      0x91c Core/Src/sysmem.o
 .debug_info    0x00000000000044da      0x433 Core/Src/system_stm32f1xx.o
 .debug_info    0x000000000000490d       0x22 Core/Startup/startup_stm32f103c8tx.o
 .debug_info    0x000000000000492f      0x6fe Drivers/STM32F1xx_HAL_Driver/Src/stm32f1xx_hal.o
 .debug_info    0x000000000000502d      0xc61 Drivers/STM32F1xx_HAL_Driver/Src/stm32f1xx_hal_adc.o
 .debug_info    0x0000000000005c8e      0xb46 Drivers/STM32F1xx_HAL_Driver/Src/stm32f1xx_hal_cortex.o
 .debug_info    0x00000000000067d4      0x7a6 Drivers/STM32F1xx_HAL_Driver/Src/stm32f1xx_hal_dma.o
 .debug_info    0x0000000000006f7a      0x681 Drivers/STM32F1xx_HAL_Driver/Src/stm32f1xx_hal_gpio.o
 .debug_info    0x00000000000075fb      0x804 Drivers/STM32F1xx_HAL_Driver/Src/stm32f1xx_hal_rcc.o
 .debug_info    0x0000000000007dff      0x439 Drivers/STM32F1xx_HAL_Driver/Src/stm32f1xx_hal_rcc_ex.o
 .debug_info    0x0000000000008238     0x2456 Drivers/STM32F1xx_HAL_Driver/Src/stm32f1xx_hal_tim.o
 .debug_info    0x000000000000a68e     0x1104 Drivers/STM32F1xx_HAL_Driver/Src/stm32f1xx_hal_tim_ex.o

.debug_abbrev   0x0000000000000000     0x1f97
 .debug_abbrev  0x0000000000000000      0x212 Core/Src/main.o
 .debug_abbrev  0x0000000000000212      0x192 Core/Src/myADC.o
 .debug_abbrev  0x00000000000003a4      0x20c Core/Src/myLCD.o
 .debug_abbrev  0x00000000000005b0      0x1a0 Core/Src/myTask.o
 .debug_abbrev  0x0000000000000750      0x1a6 Core/Src/stm32f1xx_hal_msp.o
 .debug_abbrev  0x00000000000008f6      0x15a Core/Src/stm32f1xx_it.o
 .debug_abbrev  0x0000000000000a50      0x1bb Core/Src/sysmem.o
 .debug_abbrev  0x0000000000000c0b      0x134 Core/Src/system_stm32f1xx.o
 .debug_abbrev  0x0000000000000d3f       0x12 Core/Startup/startup_stm32f103c8tx.o
 .debug_abbrev  0x0000000000000d51      0x1d8 Drivers/STM32F1xx_HAL_Driver/Src/stm32f1xx_hal.o
 .debug_abbrev  0x0000000000000f29      0x1d5 Drivers/STM32F1xx_HAL_Driver/Src/stm32f1xx_hal_adc.o
 .debug_abbrev  0x00000000000010fe      0x2d5 Drivers/STM32F1xx_HAL_Driver/Src/stm32f1xx_hal_cortex.o
 .debug_abbrev  0x00000000000013d3      0x1fe Drivers/STM32F1xx_HAL_Driver/Src/stm32f1xx_hal_dma.o
 .debug_abbrev  0x00000000000015d1      0x1c0 Drivers/STM32F1xx_HAL_Driver/Src/stm32f1xx_hal_gpio.o
 .debug_abbrev  0x0000000000001791      0x243 Drivers/STM32F1xx_HAL_Driver/Src/stm32f1xx_hal_rcc.o
 .debug_abbrev  0x00000000000019d4      0x175 Drivers/STM32F1xx_HAL_Driver/Src/stm32f1xx_hal_rcc_ex.o
 .debug_abbrev  0x0000000000001b49      0x230 Drivers/STM32F1xx_HAL_Driver/Src/stm32f1xx_hal_tim.o
 .debug_abbrev  0x0000000000001d79      0x21e Drivers/STM32F1xx_HAL_Driver/Src/stm32f1xx_hal_tim_ex.o

.debug_aranges  0x0000000000000000      0xba0
 .debug_aranges
                0x0000000000000000       0x48 Core/Src/main.o
 .debug_aranges
                0x0000000000000048       0x30 Core/Src/myADC.o
 .debug_aranges
                0x0000000000000078       0x60 Core/Src/myLCD.o
 .debug_aranges
                0x00000000000000d8       0x48 Core/Src/myTask.o
 .debug_aranges
                0x0000000000000120       0x40 Core/Src/stm32f1xx_hal_msp.o
 .debug_aranges
                0x0000000000000160       0x70 Core/Src/stm32f1xx_it.o
 .debug_aranges
                0x00000000000001d0       0x20 Core/Src/sysmem.o
 .debug_aranges
                0x00000000000001f0       0x28 Core/Src/system_stm32f1xx.o
 .debug_aranges
                0x0000000000000218       0x28 Core/Startup/startup_stm32f103c8tx.o
 .debug_aranges
                0x0000000000000240       0xe0 Drivers/STM32F1xx_HAL_Driver/Src/stm32f1xx_hal.o
 .debug_aranges
                0x0000000000000320       0xf0 Drivers/STM32F1xx_HAL_Driver/Src/stm32f1xx_hal_adc.o
 .debug_aranges
                0x0000000000000410      0x100 Drivers/STM32F1xx_HAL_Driver/Src/stm32f1xx_hal_cortex.o
 .debug_aranges
                0x0000000000000510       0x80 Drivers/STM32F1xx_HAL_Driver/Src/stm32f1xx_hal_dma.o
 .debug_aranges
                0x0000000000000590       0x58 Drivers/STM32F1xx_HAL_Driver/Src/stm32f1xx_hal_gpio.o
 .debug_aranges
                0x00000000000005e8       0x90 Drivers/STM32F1xx_HAL_Driver/Src/stm32f1xx_hal_rcc.o
 .debug_aranges
                0x0000000000000678       0x30 Drivers/STM32F1xx_HAL_Driver/Src/stm32f1xx_hal_rcc_ex.o
 .debug_aranges
                0x00000000000006a8      0x3a8 Drivers/STM32F1xx_HAL_Driver/Src/stm32f1xx_hal_tim.o
 .debug_aranges
                0x0000000000000a50      0x150 Drivers/STM32F1xx_HAL_Driver/Src/stm32f1xx_hal_tim_ex.o

.debug_ranges   0x0000000000000000      0xa88
 .debug_ranges  0x0000000000000000       0x38 Core/Src/main.o
 .debug_ranges  0x0000000000000038       0x20 Core/Src/myADC.o
 .debug_ranges  0x0000000000000058       0x50 Core/Src/myLCD.o
 .debug_ranges  0x00000000000000a8       0x38 Core/Src/myTask.o
 .debug_ranges  0x00000000000000e0       0x30 Core/Src/stm32f1xx_hal_msp.o
 .debug_ranges  0x0000000000000110       0x60 Core/Src/stm32f1xx_it.o
 .debug_ranges  0x0000000000000170       0x10 Core/Src/sysmem.o
 .debug_ranges  0x0000000000000180       0x18 Core/Src/system_stm32f1xx.o
 .debug_ranges  0x0000000000000198       0x20 Core/Startup/startup_stm32f103c8tx.o
 .debug_ranges  0x00000000000001b8       0xd0 Drivers/STM32F1xx_HAL_Driver/Src/stm32f1xx_hal.o
 .debug_ranges  0x0000000000000288       0xe0 Drivers/STM32F1xx_HAL_Driver/Src/stm32f1xx_hal_adc.o
 .debug_ranges  0x0000000000000368       0xf0 Drivers/STM32F1xx_HAL_Driver/Src/stm32f1xx_hal_cortex.o
 .debug_ranges  0x0000000000000458       0x70 Drivers/STM32F1xx_HAL_Driver/Src/stm32f1xx_hal_dma.o
 .debug_ranges  0x00000000000004c8       0x48 Drivers/STM32F1xx_HAL_Driver/Src/stm32f1xx_hal_gpio.o
 .debug_ranges  0x0000000000000510       0x80 Drivers/STM32F1xx_HAL_Driver/Src/stm32f1xx_hal_rcc.o
 .debug_ranges  0x0000000000000590       0x20 Drivers/STM32F1xx_HAL_Driver/Src/stm32f1xx_hal_rcc_ex.o
 .debug_ranges  0x00000000000005b0      0x398 Drivers/STM32F1xx_HAL_Driver/Src/stm32f1xx_hal_tim.o
 .debug_ranges  0x0000000000000948      0x140 Drivers/STM32F1xx_HAL_Driver/Src/stm32f1xx_hal_tim_ex.o

.debug_macro    0x0000000000000000    0x152fe
 .debug_macro   0x0000000000000000      0x1d0 Core/Src/main.o
 .debug_macro   0x00000000000001d0      0xa5a Core/Src/main.o
 .debug_macro   0x0000000000000c2a      0x221 Core/Src/main.o
 .debug_macro   0x0000000000000e4b       0x2e Core/Src/main.o
 .debug_macro   0x0000000000000e79       0x22 Core/Src/main.o
 .debug_macro   0x0000000000000e9b       0x22 Core/Src/main.o
 .debug_macro   0x0000000000000ebd       0x8e Core/Src/main.o
 .debug_macro   0x0000000000000f4b       0x51 Core/Src/main.o
 .debug_macro   0x0000000000000f9c       0xef Core/Src/main.o
 .debug_macro   0x000000000000108b       0x6a Core/Src/main.o
 .debug_macro   0x00000000000010f5      0x1df Core/Src/main.o
 .debug_macro   0x00000000000012d4       0x1c Core/Src/main.o
 .debug_macro   0x00000000000012f0       0x22 Core/Src/main.o
 .debug_macro   0x0000000000001312       0xc3 Core/Src/main.o
 .debug_macro   0x00000000000013d5      0xd23 Core/Src/main.o
 .debug_macro   0x00000000000020f8     0xe09e Core/Src/main.o
 .debug_macro   0x0000000000010196       0x43 Core/Src/main.o
 .debug_macro   0x00000000000101d9      0x174 Core/Src/main.o
 .debug_macro   0x000000000001034d       0x5a Core/Src/main.o
 .debug_macro   0x00000000000103a7      0x5be Core/Src/main.o
 .debug_macro   0x0000000000010965      0x289 Core/Src/main.o
 .debug_macro   0x0000000000010bee      0x1cb Core/Src/main.o
 .debug_macro   0x0000000000010db9      0x114 Core/Src/main.o
 .debug_macro   0x0000000000010ecd      0x1b2 Core/Src/main.o
 .debug_macro   0x000000000001107f       0x27 Core/Src/main.o
 .debug_macro   0x00000000000110a6      0x136 Core/Src/main.o
 .debug_macro   0x00000000000111dc      0x1bc Core/Src/main.o
 .debug_macro   0x0000000000011398       0x34 Core/Src/main.o
 .debug_macro   0x00000000000113cc       0x3c Core/Src/main.o
 .debug_macro   0x0000000000011408       0x57 Core/Src/main.o
 .debug_macro   0x000000000001145f      0x46a Core/Src/main.o
 .debug_macro   0x00000000000118c9      0x1b5 Core/Src/main.o
 .debug_macro   0x0000000000011a7e       0x88 Core/Src/main.o
 .debug_macro   0x0000000000011b06      0x241 Core/Src/main.o
 .debug_macro   0x0000000000011d47      0x141 Core/Src/main.o
 .debug_macro   0x0000000000011e88      0x88b Core/Src/main.o
 .debug_macro   0x0000000000012713       0x83 Core/Src/main.o
 .debug_macro   0x0000000000012796       0xac Core/Src/main.o
 .debug_macro   0x0000000000012842       0x34 Core/Src/main.o
 .debug_macro   0x0000000000012876      0x1bd Core/Src/myADC.o
 .debug_macro   0x0000000000012a33      0x316 Core/Src/myLCD.o
 .debug_macro   0x0000000000012d49       0xb2 Core/Src/myLCD.o
 .debug_macro   0x0000000000012dfb       0x16 Core/Src/myLCD.o
 .debug_macro   0x0000000000012e11       0x46 Core/Src/myLCD.o
 .debug_macro   0x0000000000012e57       0x18 Core/Src/myLCD.o
 .debug_macro   0x0000000000012e6f       0x3c Core/Src/myLCD.o
 .debug_macro   0x0000000000012eab       0x34 Core/Src/myLCD.o
 .debug_macro   0x0000000000012edf       0x16 Core/Src/myLCD.o
 .debug_macro   0x0000000000012ef5       0x35 Core/Src/myLCD.o
 .debug_macro   0x0000000000012f2a      0x32a Core/Src/myLCD.o
 .debug_macro   0x0000000000013254       0x10 Core/Src/myLCD.o
 .debug_macro   0x0000000000013264       0x52 Core/Src/myLCD.o
 .debug_macro   0x00000000000132b6       0x1f Core/Src/myLCD.o
 .debug_macro   0x00000000000132d5       0x43 Core/Src/myLCD.o
 .debug_macro   0x0000000000013318       0x20 Core/Src/myLCD.o
 .debug_macro   0x0000000000013338      0x1a3 Core/Src/myLCD.o
 .debug_macro   0x00000000000134db       0x10 Core/Src/myLCD.o
 .debug_macro   0x00000000000134eb       0x1c Core/Src/myLCD.o
 .debug_macro   0x0000000000013507       0x52 Core/Src/myLCD.o
 .debug_macro   0x0000000000013559       0x40 Core/Src/myLCD.o
 .debug_macro   0x0000000000013599       0x10 Core/Src/myLCD.o
 .debug_macro   0x00000000000135a9       0x40 Core/Src/myLCD.o
 .debug_macro   0x00000000000135e9       0xd7 Core/Src/myLCD.o
 .debug_macro   0x00000000000136c0       0x1c Core/Src/myLCD.o
 .debug_macro   0x00000000000136dc       0x3d Core/Src/myLCD.o
 .debug_macro   0x0000000000013719       0x16 Core/Src/myLCD.o
 .debug_macro   0x000000000001372f      0x145 Core/Src/myLCD.o
 .debug_macro   0x0000000000013874      0x1d5 Core/Src/myTask.o
 .debug_macro   0x0000000000013a49       0x1c Core/Src/myTask.o
 .debug_macro   0x0000000000013a65      0x1b3 Core/Src/stm32f1xx_hal_msp.o
 .debug_macro   0x0000000000013c18      0x1d0 Core/Src/stm32f1xx_it.o
 .debug_macro   0x0000000000013de8      0x1ae Core/Src/sysmem.o
 .debug_macro   0x0000000000013f96      0x23b Core/Src/sysmem.o
 .debug_macro   0x00000000000141d1      0x1aa Core/Src/system_stm32f1xx.o
 .debug_macro   0x000000000001437b      0x1c8 Drivers/STM32F1xx_HAL_Driver/Src/stm32f1xx_hal.o
 .debug_macro   0x0000000000014543      0x1c1 Drivers/STM32F1xx_HAL_Driver/Src/stm32f1xx_hal_adc.o
 .debug_macro   0x0000000000014704      0x1a4 Drivers/STM32F1xx_HAL_Driver/Src/stm32f1xx_hal_cortex.o
 .debug_macro   0x00000000000148a8      0x1a4 Drivers/STM32F1xx_HAL_Driver/Src/stm32f1xx_hal_dma.o
 .debug_macro   0x0000000000014a4c      0x20f Drivers/STM32F1xx_HAL_Driver/Src/stm32f1xx_hal_gpio.o
 .debug_macro   0x0000000000014c5b      0x1b6 Drivers/STM32F1xx_HAL_Driver/Src/stm32f1xx_hal_rcc.o
 .debug_macro   0x0000000000014e11      0x1a4 Drivers/STM32F1xx_HAL_Driver/Src/stm32f1xx_hal_rcc_ex.o
 .debug_macro   0x0000000000014fb5      0x1a5 Drivers/STM32F1xx_HAL_Driver/Src/stm32f1xx_hal_tim.o
 .debug_macro   0x000000000001515a      0x1a4 Drivers/STM32F1xx_HAL_Driver/Src/stm32f1xx_hal_tim_ex.o

.debug_line     0x0000000000000000     0x9b20
 .debug_line    0x0000000000000000      0x6fa Core/Src/main.o
 .debug_line    0x00000000000006fa      0x67c Core/Src/myADC.o
 .debug_line    0x0000000000000d76      0x8fe Core/Src/myLCD.o
 .debug_line    0x0000000000001674      0x800 Core/Src/myTask.o
 .debug_line    0x0000000000001e74      0x6b1 Core/Src/stm32f1xx_hal_msp.o
 .debug_line    0x0000000000002525      0x724 Core/Src/stm32f1xx_it.o
 .debug_line    0x0000000000002c49      0x55e Core/Src/sysmem.o
 .debug_line    0x00000000000031a7      0x680 Core/Src/system_stm32f1xx.o
 .debug_line    0x0000000000003827       0x84 Core/Startup/startup_stm32f103c8tx.o
 .debug_line    0x00000000000038ab      0x828 Drivers/STM32F1xx_HAL_Driver/Src/stm32f1xx_hal.o
 .debug_line    0x00000000000040d3      0xb7a Drivers/STM32F1xx_HAL_Driver/Src/stm32f1xx_hal_adc.o
 .debug_line    0x0000000000004c4d      0x901 Drivers/STM32F1xx_HAL_Driver/Src/stm32f1xx_hal_cortex.o
 .debug_line    0x000000000000554e      0xa8f Drivers/STM32F1xx_HAL_Driver/Src/stm32f1xx_hal_dma.o
 .debug_line    0x0000000000005fdd      0x828 Drivers/STM32F1xx_HAL_Driver/Src/stm32f1xx_hal_gpio.o
 .debug_line    0x0000000000006805      0x8ea Drivers/STM32F1xx_HAL_Driver/Src/stm32f1xx_hal_rcc.o
 .debug_line    0x00000000000070ef      0x708 Drivers/STM32F1xx_HAL_Driver/Src/stm32f1xx_hal_rcc_ex.o
 .debug_line    0x00000000000077f7     0x16ee Drivers/STM32F1xx_HAL_Driver/Src/stm32f1xx_hal_tim.o
 .debug_line    0x0000000000008ee5      0xc3b Drivers/STM32F1xx_HAL_Driver/Src/stm32f1xx_hal_tim_ex.o

.debug_str      0x0000000000000000    0x755a6
 .debug_str     0x0000000000000000    0x6e528 Core/Src/main.o
                                      0x6e8be (size before relaxing)
 .debug_str     0x000000000006e528       0x67 Core/Src/myADC.o
                                      0x6dd9a (size before relaxing)
 .debug_str     0x000000000006e58f     0x4291 Core/Src/myLCD.o
                                      0x71d42 (size before relaxing)
 .debug_str     0x0000000000072820      0x11d Core/Src/myTask.o
                                      0x6e393 (size before relaxing)
 .debug_str     0x000000000007293d       0xb7 Core/Src/stm32f1xx_hal_msp.o
                                      0x6e31d (size before relaxing)
 .debug_str     0x00000000000729f4       0xe6 Core/Src/stm32f1xx_it.o
                                      0x6e211 (size before relaxing)
 .debug_str     0x0000000000072ada      0x4d1 Core/Src/sysmem.o
                                       0x7ad7 (size before relaxing)
 .debug_str     0x0000000000072fab       0xc2 Core/Src/system_stm32f1xx.o
                                      0x6d851 (size before relaxing)
 .debug_str     0x000000000007306d       0x36 Core/Startup/startup_stm32f103c8tx.o
                                         0x7c (size before relaxing)
 .debug_str     0x00000000000730a3      0x3c5 Drivers/STM32F1xx_HAL_Driver/Src/stm32f1xx_hal.o
                                      0x6de62 (size before relaxing)
 .debug_str     0x0000000000073468      0x359 Drivers/STM32F1xx_HAL_Driver/Src/stm32f1xx_hal_adc.o
                                      0x6de67 (size before relaxing)
 .debug_str     0x00000000000737c1      0x2c8 Drivers/STM32F1xx_HAL_Driver/Src/stm32f1xx_hal_cortex.o
                                      0x6de70 (size before relaxing)
 .debug_str     0x0000000000073a89      0x23f Drivers/STM32F1xx_HAL_Driver/Src/stm32f1xx_hal_dma.o
                                      0x6dbb2 (size before relaxing)
 .debug_str     0x0000000000073cc8      0x31f Drivers/STM32F1xx_HAL_Driver/Src/stm32f1xx_hal_gpio.o
                                      0x6db9b (size before relaxing)
 .debug_str     0x0000000000073fe7      0x263 Drivers/STM32F1xx_HAL_Driver/Src/stm32f1xx_hal_rcc.o
                                      0x6dbd4 (size before relaxing)
 .debug_str     0x000000000007424a       0xb9 Drivers/STM32F1xx_HAL_Driver/Src/stm32f1xx_hal_rcc_ex.o
                                      0x6d961 (size before relaxing)
 .debug_str     0x0000000000074303      0xd74 Drivers/STM32F1xx_HAL_Driver/Src/stm32f1xx_hal_tim.o
                                      0x6e99f (size before relaxing)
 .debug_str     0x0000000000075077      0x52f Drivers/STM32F1xx_HAL_Driver/Src/stm32f1xx_hal_tim_ex.o
                                      0x6e19f (size before relaxing)

.comment        0x0000000000000000       0x7b
 .comment       0x0000000000000000       0x7b Core/Src/main.o
                                         0x7c (size before relaxing)
 .comment       0x000000000000007b       0x7c Core/Src/myADC.o
 .comment       0x000000000000007b       0x7c Core/Src/myLCD.o
 .comment       0x000000000000007b       0x7c Core/Src/myTask.o
 .comment       0x000000000000007b       0x7c Core/Src/stm32f1xx_hal_msp.o
 .comment       0x000000000000007b       0x7c Core/Src/stm32f1xx_it.o
 .comment       0x000000000000007b       0x7c Core/Src/sysmem.o
 .comment       0x000000000000007b       0x7c Core/Src/system_stm32f1xx.o
 .comment       0x000000000000007b       0x7c Drivers/STM32F1xx_HAL_Driver/Src/stm32f1xx_hal.o
 .comment       0x000000000000007b       0x7c Drivers/STM32F1xx_HAL_Driver/Src/stm32f1xx_hal_adc.o
 .comment       0x000000000000007b       0x7c Drivers/STM32F1xx_HAL_Driver/Src/stm32f1xx_hal_cortex.o
 .comment       0x000000000000007b       0x7c Drivers/STM32F1xx_HAL_Driver/Src/stm32f1xx_hal_dma.o
 .comment       0x000000000000007b       0x7c Drivers/STM32F1xx_HAL_Driver/Src/stm32f1xx_hal_gpio.o
 .comment       0x000000000000007b       0x7c Drivers/STM32F1xx_HAL_Driver/Src/stm32f1xx_hal_rcc.o
 .comment       0x000000000000007b       0x7c Drivers/STM32F1xx_HAL_Driver/Src/stm32f1xx_hal_rcc_ex.o
 .comment       0x000000000000007b       0x7c Drivers/STM32F1xx_HAL_Driver/Src/stm32f1xx_hal_tim.o
 .comment       0x000000000000007b       0x7c Drivers/STM32F1xx_HAL_Driver/Src/stm32f1xx_hal_tim_ex.o

.debug_frame    0x0000000000000000     0x31bc
 .debug_frame   0x0000000000000000       0xdc Core/Src/main.o
 .debug_frame   0x00000000000000dc       0x70 Core/Src/myADC.o
 .debug_frame   0x000000000000014c      0x144 Core/Src/myLCD.o
 .debug_frame   0x0000000000000290       0xd8 Core/Src/myTask.o
 .debug_frame   0x0000000000000368       0xc8 Core/Src/stm32f1xx_hal_msp.o
 .debug_frame   0x0000000000000430      0x144 Core/Src/stm32f1xx_it.o
 .debug_frame   0x0000000000000574       0x34 Core/Src/sysmem.o
 .debug_frame   0x00000000000005a8       0x58 Core/Src/system_stm32f1xx.o
 .debug_frame   0x0000000000000600      0x334 Drivers/STM32F1xx_HAL_Driver/Src/stm32f1xx_hal.o
 .debug_frame   0x0000000000000934      0x40c Drivers/STM32F1xx_HAL_Driver/Src/stm32f1xx_hal_adc.o
 .debug_frame   0x0000000000000d40      0x428 Drivers/STM32F1xx_HAL_Driver/Src/stm32f1xx_hal_cortex.o
 .debug_frame   0x0000000000001168      0x208 Drivers/STM32F1xx_HAL_Driver/Src/stm32f1xx_hal_dma.o
 .debug_frame   0x0000000000001370      0x14c Drivers/STM32F1xx_HAL_Driver/Src/stm32f1xx_hal_gpio.o
 .debug_frame   0x00000000000014bc      0x21c Drivers/STM32F1xx_HAL_Driver/Src/stm32f1xx_hal_rcc.o
 .debug_frame   0x00000000000016d8       0x84 Drivers/STM32F1xx_HAL_Driver/Src/stm32f1xx_hal_rcc_ex.o
 .debug_frame   0x000000000000175c     0x10e8 Drivers/STM32F1xx_HAL_Driver/Src/stm32f1xx_hal_tim.o
 .debug_frame   0x0000000000002844      0x5c0 Drivers/STM32F1xx_HAL_Driver/Src/stm32f1xx_hal_tim_ex.o
 .debug_frame   0x0000000000002e04       0x20 c:/st/stm32cubeide_1.0.2/stm32cubeide/plugins/com.st.stm32cube.ide.mcu.externaltools.gnu-tools-for-stm32.7-2018-q2-update.win32_1.0.0.201904181610/tools/bin/../lib/gcc/arm-none-eabi/7.3.1/../../../../arm-none-eabi/lib/thumb/v7-m\libc_nano.a(lib_a-errno.o)
 .debug_frame   0x0000000000002e24       0x2c c:/st/stm32cubeide_1.0.2/stm32cubeide/plugins/com.st.stm32cube.ide.mcu.externaltools.gnu-tools-for-stm32.7-2018-q2-update.win32_1.0.0.201904181610/tools/bin/../lib/gcc/arm-none-eabi/7.3.1/../../../../arm-none-eabi/lib/thumb/v7-m\libc_nano.a(lib_a-init.o)
 .debug_frame   0x0000000000002e50       0x20 c:/st/stm32cubeide_1.0.2/stm32cubeide/plugins/com.st.stm32cube.ide.mcu.externaltools.gnu-tools-for-stm32.7-2018-q2-update.win32_1.0.0.201904181610/tools/bin/../lib/gcc/arm-none-eabi/7.3.1/../../../../arm-none-eabi/lib/thumb/v7-m\libc_nano.a(lib_a-memset.o)
 .debug_frame   0x0000000000002e70       0x6c c:/st/stm32cubeide_1.0.2/stm32cubeide/plugins/com.st.stm32cube.ide.mcu.externaltools.gnu-tools-for-stm32.7-2018-q2-update.win32_1.0.0.201904181610/tools/bin/../lib/gcc/arm-none-eabi/7.3.1/../../../../arm-none-eabi/lib/thumb/v7-m\libc_nano.a(lib_a-sprintf.o)
 .debug_frame   0x0000000000002edc       0x90 c:/st/stm32cubeide_1.0.2/stm32cubeide/plugins/com.st.stm32cube.ide.mcu.externaltools.gnu-tools-for-stm32.7-2018-q2-update.win32_1.0.0.201904181610/tools/bin/../lib/gcc/arm-none-eabi/7.3.1/../../../../arm-none-eabi/lib/thumb/v7-m\libc_nano.a(lib_a-nano-svfprintf.o)
 .debug_frame   0x0000000000002f6c       0x60 c:/st/stm32cubeide_1.0.2/stm32cubeide/plugins/com.st.stm32cube.ide.mcu.externaltools.gnu-tools-for-stm32.7-2018-q2-update.win32_1.0.0.201904181610/tools/bin/../lib/gcc/arm-none-eabi/7.3.1/../../../../arm-none-eabi/lib/thumb/v7-m\libc_nano.a(lib_a-nano-vfprintf_i.o)
 .debug_frame   0x0000000000002fcc       0x28 c:/st/stm32cubeide_1.0.2/stm32cubeide/plugins/com.st.stm32cube.ide.mcu.externaltools.gnu-tools-for-stm32.7-2018-q2-update.win32_1.0.0.201904181610/tools/bin/../lib/gcc/arm-none-eabi/7.3.1/../../../../arm-none-eabi/lib/thumb/v7-m\libc_nano.a(lib_a-memchr-stub.o)
 .debug_frame   0x0000000000002ff4       0x28 c:/st/stm32cubeide_1.0.2/stm32cubeide/plugins/com.st.stm32cube.ide.mcu.externaltools.gnu-tools-for-stm32.7-2018-q2-update.win32_1.0.0.201904181610/tools/bin/../lib/gcc/arm-none-eabi/7.3.1/../../../../arm-none-eabi/lib/thumb/v7-m\libc_nano.a(lib_a-memcpy-stub.o)
 .debug_frame   0x000000000000301c       0x28 c:/st/stm32cubeide_1.0.2/stm32cubeide/plugins/com.st.stm32cube.ide.mcu.externaltools.gnu-tools-for-stm32.7-2018-q2-update.win32_1.0.0.201904181610/tools/bin/../lib/gcc/arm-none-eabi/7.3.1/../../../../arm-none-eabi/lib/thumb/v7-m\libc_nano.a(lib_a-memmove.o)
 .debug_frame   0x0000000000003044       0x38 c:/st/stm32cubeide_1.0.2/stm32cubeide/plugins/com.st.stm32cube.ide.mcu.externaltools.gnu-tools-for-stm32.7-2018-q2-update.win32_1.0.0.201904181610/tools/bin/../lib/gcc/arm-none-eabi/7.3.1/../../../../arm-none-eabi/lib/thumb/v7-m\libc_nano.a(lib_a-nano-freer.o)
 .debug_frame   0x000000000000307c       0x2c c:/st/stm32cubeide_1.0.2/stm32cubeide/plugins/com.st.stm32cube.ide.mcu.externaltools.gnu-tools-for-stm32.7-2018-q2-update.win32_1.0.0.201904181610/tools/bin/../lib/gcc/arm-none-eabi/7.3.1/../../../../arm-none-eabi/lib/thumb/v7-m\libc_nano.a(lib_a-nano-mallocr.o)
 .debug_frame   0x00000000000030a8       0x3c c:/st/stm32cubeide_1.0.2/stm32cubeide/plugins/com.st.stm32cube.ide.mcu.externaltools.gnu-tools-for-stm32.7-2018-q2-update.win32_1.0.0.201904181610/tools/bin/../lib/gcc/arm-none-eabi/7.3.1/../../../../arm-none-eabi/lib/thumb/v7-m\libc_nano.a(lib_a-nano-reallocr.o)
 .debug_frame   0x00000000000030e4       0x2c c:/st/stm32cubeide_1.0.2/stm32cubeide/plugins/com.st.stm32cube.ide.mcu.externaltools.gnu-tools-for-stm32.7-2018-q2-update.win32_1.0.0.201904181610/tools/bin/../lib/gcc/arm-none-eabi/7.3.1/../../../../arm-none-eabi/lib/thumb/v7-m\libc_nano.a(lib_a-sbrkr.o)
 .debug_frame   0x0000000000003110       0x30 c:/st/stm32cubeide_1.0.2/stm32cubeide/plugins/com.st.stm32cube.ide.mcu.externaltools.gnu-tools-for-stm32.7-2018-q2-update.win32_1.0.0.201904181610/tools/bin/../lib/gcc/arm-none-eabi/7.3.1/../../../../arm-none-eabi/lib/thumb/v7-m\libc_nano.a(lib_a-mlock.o)
 .debug_frame   0x0000000000003140       0x20 c:/st/stm32cubeide_1.0.2/stm32cubeide/plugins/com.st.stm32cube.ide.mcu.externaltools.gnu-tools-for-stm32.7-2018-q2-update.win32_1.0.0.201904181610/tools/bin/../lib/gcc/arm-none-eabi/7.3.1/../../../../arm-none-eabi/lib/thumb/v7-m\libc_nano.a(lib_a-nano-msizer.o)
 .debug_frame   0x0000000000003160       0x5c c:/st/stm32cubeide_1.0.2/stm32cubeide/plugins/com.st.stm32cube.ide.mcu.externaltools.gnu-tools-for-stm32.7-2018-q2-update.win32_1.0.0.201904181610/tools/bin/../lib/gcc/arm-none-eabi/7.3.1/../../../../arm-none-eabi/lib/thumb/v7-m\libc_nano.a(lib_a-reent.o)
